 /mnt/projects/rewardMap/STUDIES/reward_signature/.venv/lib64/python3.9/site-packages/sklearn/neural_network/_multilayer_perceptron.py:691: ConvergenceWarning: Stochastic Optimizer: Maximum iterations (500) reached and the optimization hasn't converged yet.
  warnings.warn(
/mnt/projects/rewardMap/STUDIES/reward_signature/.venv/lib64/python3.9/site-packages/sklearn/neural_network/_multilayer_perceptron.py:691: ConvergenceWarning: Stochastic Optimizer: Maximum iterations (500) reached and the optimization hasn't converged yet.
  warnings.warn(
/mnt/projects/rewardMap/STUDIES/reward_signature/.venv/lib64/python3.9/site-packages/sklearn/neural_network/_multilayer_perceptron.py:691: ConvergenceWarning: Stochastic Optimizer: Maximum iterations (500) reached and the optimization hasn't converged yet.
  warnings.warn(
/mnt/projects/rewardMap/STUDIES/reward_signature/.venv/lib64/python3.9/site-packages/sklearn/neural_network/_multilayer_perceptron.py:691: ConvergenceWarning: Stochastic Optimizer: Maximum iterations (500) reached and the optimization hasn't converged yet.
  warnings.warn(
/mnt/projects/rewardMap/STUDIES/reward_signature/.venv/lib64/python3.9/site-packages/sklearn/neural_network/_multilayer_perceptron.py:691: ConvergenceWarning: Stochastic Optimizer: Maximum iterations (500) reached and the optimization hasn't converged yet.
  warnings.warn(
/mnt/projects/rewardMap/STUDIES/reward_signature/.venv/lib64/python3.9/site-packages/sklearn/neural_network/_multilayer_perceptron.py:691: ConvergenceWarning: Stochastic Optimizer: Maximum iterations (500) reached and the optimization hasn't converged yet.
  warnings.warn(
/mnt/projects/rewardMap/STUDIES/reward_signature/.venv/lib64/python3.9/site-packages/sklearn/neural_network/_multilayer_perceptron.py:691: ConvergenceWarning: Stochastic Optimizer: Maximum iterations (500) reached and the optimization hasn't converged yet.
  warnings.warn(
/mnt/projects/rewardMap/STUDIES/reward_signature/.venv/lib64/python3.9/site-packages/sklearn/neural_network/_multilayer_perceptron.py:691: ConvergenceWarning: Stochastic Optimizer: Maximum iterations (500) reached and the optimization hasn't converged yet.
  warnings.warn(
/mnt/projects/rewardMap/STUDIES/reward_signature/.venv/lib64/python3.9/site-packages/sklearn/neural_network/_multilayer_perceptron.py:691: ConvergenceWarning: Stochastic Optimizer: Maximum iterations (500) reached and the optimization hasn't converged yet.
  warnings.warn(
/mnt/projects/rewardMap/STUDIES/reward_signature/.venv/lib64/python3.9/site-packages/sklearn/neural_network/_multilayer_perceptron.py:691: ConvergenceWarning: Stochastic Optimizer: Maximum iterations (500) reached and the optimization hasn't converged yet.
  warnings.warn(
/mnt/projects/rewardMap/STUDIES/reward_signature/.venv/lib64/python3.9/site-packages/sklearn/neural_network/_multilayer_perceptron.py:691: ConvergenceWarning: Stochastic Optimizer: Maximum iterations (500) reached and the optimization hasn't converged yet.
  warnings.warn(
/mnt/projects/rewardMap/STUDIES/reward_signature/.venv/lib64/python3.9/site-packages/sklearn/neural_network/_multilayer_perceptron.py:691: ConvergenceWarning: Stochastic Optimizer: Maximum iterations (500) reached and the optimization hasn't converged yet.
  warnings.warn(
/mnt/projects/rewardMap/STUDIES/reward_signature/.venv/lib64/python3.9/site-packages/sklearn/neural_network/_multilayer_perceptron.py:691: ConvergenceWarning: Stochastic Optimizer: Maximum iterations (500) reached and the optimization hasn't converged yet.
  warnings.warn(
/mnt/projects/rewardMap/STUDIES/reward_signature/.venv/lib64/python3.9/site-packages/sklearn/neural_network/_multilayer_perceptron.py:691: ConvergenceWarning: Stochastic Optimizer: Maximum iterations (500) reached and the optimization hasn't converged yet.
  warnings.warn(
/mnt/projects/rewardMap/STUDIES/reward_signature/.venv/lib64/python3.9/site-packages/sklearn/neural_network/_multilayer_perceptron.py:691: ConvergenceWarning: Stochastic Optimizer: Maximum iterations (500) reached and the optimization hasn't converged yet.
  warnings.warn(
/mnt/projects/rewardMap/STUDIES/reward_signature/.venv/lib64/python3.9/site-packages/sklearn/neural_network/_multilayer_perceptron.py:691: ConvergenceWarning: Stochastic Optimizer: Maximum iterations (500) reached and the optimization hasn't converged yet.
  warnings.warn(
/mnt/projects/rewardMap/STUDIES/reward_signature/.venv/lib64/python3.9/site-packages/sklearn/neural_network/_multilayer_perceptron.py:691: ConvergenceWarning: Stochastic Optimizer: Maximum iterations (1000) reached and the optimization hasn't converged yet.
  warnings.warn(
Fitting 5 folds for each of 20 candidates, totalling 100 fits
[CV] END model__activation=relu, model__alpha=0.0001, model__hidden_layer_sizes=(100,), model__learning_rate_init=0.001, model__max_iter=500; total time= 1.5min
[CV] END model__activation=relu, model__alpha=0.0001, model__hidden_layer_sizes=(100,), model__learning_rate_init=0.001, model__max_iter=500; total time= 1.5min
[CV] END model__activation=relu, model__alpha=0.0001, model__hidden_layer_sizes=(100,), model__learning_rate_init=0.001, model__max_iter=500; total time= 1.5min
[CV] END model__activation=relu, model__alpha=0.0001, model__hidden_layer_sizes=(100,), model__learning_rate_init=0.001, model__max_iter=500; total time= 1.5min
[CV] END model__activation=relu, model__alpha=0.0001, model__hidden_layer_sizes=(100,), model__learning_rate_init=0.001, model__max_iter=500; total time= 1.5min
[CV] END model__activation=tanh, model__alpha=0.01, model__hidden_layer_sizes=(50,), model__learning_rate_init=0.01, model__max_iter=500; total time=  11.7s
[CV] END model__activation=tanh, model__alpha=0.01, model__hidden_layer_sizes=(50,), model__learning_rate_init=0.01, model__max_iter=500; total time=  15.1s
[CV] END model__activation=tanh, model__alpha=0.01, model__hidden_layer_sizes=(50,), model__learning_rate_init=0.01, model__max_iter=500; total time=  11.0s
[CV] END model__activation=tanh, model__alpha=0.01, model__hidden_layer_sizes=(50,), model__learning_rate_init=0.01, model__max_iter=500; total time=  13.2s
[CV] END model__activation=tanh, model__alpha=0.01, model__hidden_layer_sizes=(50,), model__learning_rate_init=0.01, model__max_iter=500; total time=  14.8s
[CV] END model__activation=relu, model__alpha=0.001, model__hidden_layer_sizes=(100,), model__learning_rate_init=0.01, model__max_iter=500; total time=  21.1s
[CV] END model__activation=relu, model__alpha=0.001, model__hidden_layer_sizes=(100,), model__learning_rate_init=0.01, model__max_iter=500; total time=  17.0s
[CV] END model__activation=relu, model__alpha=0.001, model__hidden_layer_sizes=(100,), model__learning_rate_init=0.01, model__max_iter=500; total time=  13.0s
[CV] END model__activation=relu, model__alpha=0.001, model__hidden_layer_sizes=(100,), model__learning_rate_init=0.01, model__max_iter=500; total time=   9.2s
[CV] END model__activation=relu, model__alpha=0.001, model__hidden_layer_sizes=(100,), model__learning_rate_init=0.01, model__max_iter=500; total time=  18.7s
[CV] END model__activation=relu, model__alpha=0.0001, model__hidden_layer_sizes=(50,), model__learning_rate_init=0.001, model__max_iter=500; total time=  53.9s
[CV] END model__activation=relu, model__alpha=0.0001, model__hidden_layer_sizes=(50,), model__learning_rate_init=0.001, model__max_iter=500; total time=  53.4s
[CV] END model__activation=relu, model__alpha=0.0001, model__hidden_layer_sizes=(50,), model__learning_rate_init=0.001, model__max_iter=500; total time=  44.3s
[CV] END model__activation=relu, model__alpha=0.0001, model__hidden_layer_sizes=(50,), model__learning_rate_init=0.001, model__max_iter=500; total time=  54.0s
[CV] END model__activation=relu, model__alpha=0.0001, model__hidden_layer_sizes=(50,), model__learning_rate_init=0.001, model__max_iter=500; total time=  53.3s
[CV] END model__activation=relu, model__alpha=0.01, model__hidden_layer_sizes=(100,), model__learning_rate_init=0.001, model__max_iter=500; total time=  27.8s
[CV] END model__activation=relu, model__alpha=0.01, model__hidden_layer_sizes=(100,), model__learning_rate_init=0.001, model__max_iter=500; total time= 1.5min
[CV] END model__activation=relu, model__alpha=0.01, model__hidden_layer_sizes=(100,), model__learning_rate_init=0.001, model__max_iter=500; total time= 1.5min
[CV] END model__activation=relu, model__alpha=0.01, model__hidden_layer_sizes=(100,), model__learning_rate_init=0.001, model__max_iter=500; total time= 1.4min
[CV] END model__activation=relu, model__alpha=0.01, model__hidden_layer_sizes=(100,), model__learning_rate_init=0.001, model__max_iter=500; total time=  18.7s
[CV] END model__activation=tanh, model__alpha=0.001, model__hidden_layer_sizes=(50,), model__learning_rate_init=0.01, model__max_iter=500; total time=  26.3s
[CV] END model__activation=tanh, model__alpha=0.001, model__hidden_layer_sizes=(50,), model__learning_rate_init=0.01, model__max_iter=500; total time=  21.0s
[CV] END model__activation=tanh, model__alpha=0.001, model__hidden_layer_sizes=(50,), model__learning_rate_init=0.01, model__max_iter=500; total time=  25.0s
[CV] END model__activation=tanh, model__alpha=0.001, model__hidden_layer_sizes=(50,), model__learning_rate_init=0.01, model__max_iter=500; total time=  25.5s
[CV] END model__activation=tanh, model__alpha=0.001, model__hidden_layer_sizes=(50,), model__learning_rate_init=0.01, model__max_iter=500; total time=  27.5s
[CV] END model__activation=relu, model__alpha=0.0001, model__hidden_layer_sizes=(100, 50), model__learning_rate_init=0.01, model__max_iter=500; total time=  10.1s
[CV] END model__activation=relu, model__alpha=0.0001, model__hidden_layer_sizes=(100, 50), model__learning_rate_init=0.01, model__max_iter=500; total time=  26.1s
[CV] END model__activation=relu, model__alpha=0.0001, model__hidden_layer_sizes=(100, 50), model__learning_rate_init=0.01, model__max_iter=500; total time=  24.5s
[CV] END model__activation=relu, model__alpha=0.0001, model__hidden_layer_sizes=(100, 50), model__learning_rate_init=0.01, model__max_iter=500; total time=  36.4s
[CV] END model__activation=relu, model__alpha=0.0001, model__hidden_layer_sizes=(100, 50), model__learning_rate_init=0.01, model__max_iter=500; total time=  15.8s
[CV] END model__activation=relu, model__alpha=0.01, model__hidden_layer_sizes=(100, 50), model__learning_rate_init=0.01, model__max_iter=500; total time=   9.7s
[CV] END model__activation=relu, model__alpha=0.01, model__hidden_layer_sizes=(100, 50), model__learning_rate_init=0.01, model__max_iter=500; total time=  10.0s
[CV] END model__activation=relu, model__alpha=0.01, model__hidden_layer_sizes=(100, 50), model__learning_rate_init=0.01, model__max_iter=500; total time=  11.0s
[CV] END model__activation=relu, model__alpha=0.01, model__hidden_layer_sizes=(100, 50), model__learning_rate_init=0.01, model__max_iter=500; total time=  11.5s
[CV] END model__activation=relu, model__alpha=0.01, model__hidden_layer_sizes=(100, 50), model__learning_rate_init=0.01, model__max_iter=500; total time=  11.8s
[CV] END model__activation=relu, model__alpha=0.001, model__hidden_layer_sizes=(50,), model__learning_rate_init=0.001, model__max_iter=500; total time=  54.1s
[CV] END model__activation=relu, model__alpha=0.001, model__hidden_layer_sizes=(50,), model__learning_rate_init=0.001, model__max_iter=500; total time=  53.2s
[CV] END model__activation=relu, model__alpha=0.001, model__hidden_layer_sizes=(50,), model__learning_rate_init=0.001, model__max_iter=500; total time=  53.8s
[CV] END model__activation=relu, model__alpha=0.001, model__hidden_layer_sizes=(50,), model__learning_rate_init=0.001, model__max_iter=500; total time=  53.3s
[CV] END model__activation=relu, model__alpha=0.001, model__hidden_layer_sizes=(50,), model__learning_rate_init=0.001, model__max_iter=500; total time=  53.2s
[CV] END model__activation=tanh, model__alpha=0.001, model__hidden_layer_sizes=(100,), model__learning_rate_init=0.01, model__max_iter=500; total time=  30.6s
[CV] END model__activation=tanh, model__alpha=0.001, model__hidden_layer_sizes=(100,), model__learning_rate_init=0.01, model__max_iter=500; total time=  52.1s
[CV] END model__activation=tanh, model__alpha=0.001, model__hidden_layer_sizes=(100,), model__learning_rate_init=0.01, model__max_iter=500; total time=  37.3s
[CV] END model__activation=tanh, model__alpha=0.001, model__hidden_layer_sizes=(100,), model__learning_rate_init=0.01, model__max_iter=500; total time=  47.5s
[CV] END model__activation=tanh, model__alpha=0.001, model__hidden_layer_sizes=(100,), model__learning_rate_init=0.01, model__max_iter=500; total time=  42.9s
[CV] END model__activation=tanh, model__alpha=0.0001, model__hidden_layer_sizes=(100, 50), model__learning_rate_init=0.01, model__max_iter=1000; total time=  24.0s
[CV] END model__activation=tanh, model__alpha=0.0001, model__hidden_layer_sizes=(100, 50), model__learning_rate_init=0.01, model__max_iter=1000; total time=  24.8s
[CV] END model__activation=tanh, model__alpha=0.0001, model__hidden_layer_sizes=(100, 50), model__learning_rate_init=0.01, model__max_iter=1000; total time=  13.9s
[CV] END model__activation=tanh, model__alpha=0.0001, model__hidden_layer_sizes=(100, 50), model__learning_rate_init=0.01, model__max_iter=1000; total time=  14.7s
[CV] END model__activation=tanh, model__alpha=0.0001, model__hidden_layer_sizes=(100, 50), model__learning_rate_init=0.01, model__max_iter=1000; total time=  14.7s
[CV] END model__activation=relu, model__alpha=0.01, model__hidden_layer_sizes=(100,), model__learning_rate_init=0.01, model__max_iter=1000; total time=   9.4s
[CV] END model__activation=relu, model__alpha=0.01, model__hidden_layer_sizes=(100,), model__learning_rate_init=0.01, model__max_iter=1000; total time=  19.5s
[CV] END model__activation=relu, model__alpha=0.01, model__hidden_layer_sizes=(100,), model__learning_rate_init=0.01, model__max_iter=1000; total time=   9.4s
[CV] END model__activation=relu, model__alpha=0.01, model__hidden_layer_sizes=(100,), model__learning_rate_init=0.01, model__max_iter=1000; total time=   7.9s
[CV] END model__activation=relu, model__alpha=0.01, model__hidden_layer_sizes=(100,), model__learning_rate_init=0.01, model__max_iter=1000; total time=  26.8s
[CV] END model__activation=relu, model__alpha=0.0001, model__hidden_layer_sizes=(100, 50), model__learning_rate_init=0.001, model__max_iter=1000; total time=  49.5s
[CV] END model__activation=relu, model__alpha=0.0001, model__hidden_layer_sizes=(100, 50), model__learning_rate_init=0.001, model__max_iter=1000; total time=   8.7s
[CV] END model__activation=relu, model__alpha=0.0001, model__hidden_layer_sizes=(100, 50), model__learning_rate_init=0.001, model__max_iter=1000; total time=  45.9s
[CV] END model__activation=relu, model__alpha=0.0001, model__hidden_layer_sizes=(100, 50), model__learning_rate_init=0.001, model__max_iter=1000; total time=  48.1s
[CV] END model__activation=relu, model__alpha=0.0001, model__hidden_layer_sizes=(100, 50), model__learning_rate_init=0.001, model__max_iter=1000; total time= 1.1min
[CV] END model__activation=tanh, model__alpha=0.0001, model__hidden_layer_sizes=(100, 50), model__learning_rate_init=0.001, model__max_iter=1000; total time= 1.3min
[CV] END model__activation=tanh, model__alpha=0.0001, model__hidden_layer_sizes=(100, 50), model__learning_rate_init=0.001, model__max_iter=1000; total time= 1.3min
[CV] END model__activation=tanh, model__alpha=0.0001, model__hidden_layer_sizes=(100, 50), model__learning_rate_init=0.001, model__max_iter=1000; total time= 1.3min
[CV] END model__activation=tanh, model__alpha=0.0001, model__hidden_layer_sizes=(100, 50), model__learning_rate_init=0.001, model__max_iter=1000; total time= 1.4min
[CV] END model__activation=tanh, model__alpha=0.0001, model__hidden_layer_sizes=(100, 50), model__learning_rate_init=0.001, model__max_iter=1000; total time= 1.3min
[CV] END model__activation=relu, model__alpha=0.0001, model__hidden_layer_sizes=(100,), model__learning_rate_init=0.001, model__max_iter=1000; total time= 2.1min
[CV] END model__activation=relu, model__alpha=0.0001, model__hidden_layer_sizes=(100,), model__learning_rate_init=0.001, model__max_iter=1000; total time= 2.1min
[CV] END model__activation=relu, model__alpha=0.0001, model__hidden_layer_sizes=(100,), model__learning_rate_init=0.001, model__max_iter=1000; total time= 2.0min
[CV] END model__activation=relu, model__alpha=0.0001, model__hidden_layer_sizes=(100,), model__learning_rate_init=0.001, model__max_iter=1000; total time= 1.7min
[CV] END model__activation=relu, model__alpha=0.0001, model__hidden_layer_sizes=(100,), model__learning_rate_init=0.001, model__max_iter=1000; total time= 2.1min
[CV] END model__activation=relu, model__alpha=0.001, model__hidden_layer_sizes=(100, 50), model__learning_rate_init=0.01, model__max_iter=500; total time=  17.2s
[CV] END model__activation=relu, model__alpha=0.001, model__hidden_layer_sizes=(100, 50), model__learning_rate_init=0.01, model__max_iter=500; total time=  12.3s
[CV] END model__activation=relu, model__alpha=0.001, model__hidden_layer_sizes=(100, 50), model__learning_rate_init=0.01, model__max_iter=500; total time=  15.5s
[CV] END model__activation=relu, model__alpha=0.001, model__hidden_layer_sizes=(100, 50), model__learning_rate_init=0.01, model__max_iter=500; total time=   4.1s
[CV] END model__activation=relu, model__alpha=0.001, model__hidden_layer_sizes=(100, 50), model__learning_rate_init=0.01, model__max_iter=500; total time=   9.2s
[CV] END model__activation=tanh, model__alpha=0.001, model__hidden_layer_sizes=(100, 50), model__learning_rate_init=0.001, model__max_iter=500; total time= 1.3min
[CV] END model__activation=tanh, model__alpha=0.001, model__hidden_layer_sizes=(100, 50), model__learning_rate_init=0.001, model__max_iter=500; total time= 1.3min
[CV] END model__activation=tanh, model__alpha=0.001, model__hidden_layer_sizes=(100, 50), model__learning_rate_init=0.001, model__max_iter=500; total time= 1.3min
[CV] END model__activation=tanh, model__alpha=0.001, model__hidden_layer_sizes=(100, 50), model__learning_rate_init=0.001, model__max_iter=500; total time= 1.4min
[CV] END model__activation=tanh, model__alpha=0.001, model__hidden_layer_sizes=(100, 50), model__learning_rate_init=0.001, model__max_iter=500; total time= 1.3min
[CV] END model__activation=tanh, model__alpha=0.001, model__hidden_layer_sizes=(50,), model__learning_rate_init=0.001, model__max_iter=1000; total time= 1.8min
[CV] END model__activation=tanh, model__alpha=0.001, model__hidden_layer_sizes=(50,), model__learning_rate_init=0.001, model__max_iter=1000; total time= 1.5min
[CV] END model__activation=tanh, model__alpha=0.001, model__hidden_layer_sizes=(50,), model__learning_rate_init=0.001, model__max_iter=1000; total time= 1.8min
[CV] END model__activation=tanh, model__alpha=0.001, model__hidden_layer_sizes=(50,), model__learning_rate_init=0.001, model__max_iter=1000; total time= 1.8min
[CV] END model__activation=tanh, model__alpha=0.001, model__hidden_layer_sizes=(50,), model__learning_rate_init=0.001, model__max_iter=1000; total time= 1.1min
[CV] END model__activation=relu, model__alpha=0.01, model__hidden_layer_sizes=(100, 50), model__learning_rate_init=0.001, model__max_iter=1000; total time=  50.8s
[CV] END model__activation=relu, model__alpha=0.01, model__hidden_layer_sizes=(100, 50), model__learning_rate_init=0.001, model__max_iter=1000; total time=  36.1s
[CV] END model__activation=relu, model__alpha=0.01, model__hidden_layer_sizes=(100, 50), model__learning_rate_init=0.001, model__max_iter=1000; total time=  11.5s
[CV] END model__activation=relu, model__alpha=0.01, model__hidden_layer_sizes=(100, 50), model__learning_rate_init=0.001, model__max_iter=1000; total time=  47.1s
[CV] END model__activation=relu, model__alpha=0.01, model__hidden_layer_sizes=(100, 50), model__learning_rate_init=0.001, model__max_iter=1000; total time=  45.7s
[CV] END model__activation=tanh, model__alpha=0.0001, model__hidden_layer_sizes=(50,), model__learning_rate_init=0.01, model__max_iter=1000; total time=  19.4s
[CV] END model__activation=tanh, model__alpha=0.0001, model__hidden_layer_sizes=(50,), model__learning_rate_init=0.01, model__max_iter=1000; total time=  17.4s
[CV] END model__activation=tanh, model__alpha=0.0001, model__hidden_layer_sizes=(50,), model__learning_rate_init=0.01, model__max_iter=1000; total time=  25.6s
[CV] END model__activation=tanh, model__alpha=0.0001, model__hidden_layer_sizes=(50,), model__learning_rate_init=0.01, model__max_iter=1000; total time=  25.1s
[CV] END model__activation=tanh, model__alpha=0.0001, model__hidden_layer_sizes=(50,), model__learning_rate_init=0.01, model__max_iter=1000; total time=  22.8s
{'model__max_iter': 500, 'model__learning_rate_init': 0.001, 'model__hidden_layer_sizes': (100,), 'model__alpha': 0.0001, 'model__activation': 'relu'} -> Train Acc: 0.9907, Val Acc: 0.3911
{'model__max_iter': 500, 'model__learning_rate_init': 0.01, 'model__hidden_layer_sizes': (50,), 'model__alpha': 0.01, 'model__activation': 'tanh'} -> Train Acc: 0.6415, Val Acc: 0.3865
{'model__max_iter': 500, 'model__learning_rate_init': 0.01, 'model__hidden_layer_sizes': (100,), 'model__alpha': 0.001, 'model__activation': 'relu'} -> Train Acc: 0.5023, Val Acc: 0.3823
{'model__max_iter': 500, 'model__learning_rate_init': 0.001, 'model__hidden_layer_sizes': (50,), 'model__alpha': 0.0001, 'model__activation': 'relu'} -> Train Acc: 0.8717, Val Acc: 0.3931
{'model__max_iter': 500, 'model__learning_rate_init': 0.001, 'model__hidden_layer_sizes': (100,), 'model__alpha': 0.01, 'model__activation': 'relu'} -> Train Acc: 0.8449, Val Acc: 0.3970
{'model__max_iter': 500, 'model__learning_rate_init': 0.01, 'model__hidden_layer_sizes': (50,), 'model__alpha': 0.001, 'model__activation': 'tanh'} -> Train Acc: 0.9166, Val Acc: 0.3664
{'model__max_iter': 500, 'model__learning_rate_init': 0.01, 'model__hidden_layer_sizes': (100, 50), 'model__alpha': 0.0001, 'model__activation': 'relu'} -> Train Acc: 0.7039, Val Acc: 0.3786
{'model__max_iter': 500, 'model__learning_rate_init': 0.01, 'model__hidden_layer_sizes': (100, 50), 'model__alpha': 0.01, 'model__activation': 'relu'} -> Train Acc: 0.4225, Val Acc: 0.3663
{'model__max_iter': 500, 'model__learning_rate_init': 0.001, 'model__hidden_layer_sizes': (50,), 'model__alpha': 0.001, 'model__activation': 'relu'} -> Train Acc: 0.8694, Val Acc: 0.3973
{'model__max_iter': 500, 'model__learning_rate_init': 0.01, 'model__hidden_layer_sizes': (100,), 'model__alpha': 0.001, 'model__activation': 'tanh'} -> Train Acc: 0.9419, Val Acc: 0.3765
{'model__max_iter': 1000, 'model__learning_rate_init': 0.01, 'model__hidden_layer_sizes': (100, 50), 'model__alpha': 0.0001, 'model__activation': 'tanh'} -> Train Acc: 0.8132, Val Acc: 0.4018
{'model__max_iter': 1000, 'model__learning_rate_init': 0.01, 'model__hidden_layer_sizes': (100,), 'model__alpha': 0.01, 'model__activation': 'relu'} -> Train Acc: 0.5407, Val Acc: 0.3956
{'model__max_iter': 1000, 'model__learning_rate_init': 0.001, 'model__hidden_layer_sizes': (100, 50), 'model__alpha': 0.0001, 'model__activation': 'relu'} -> Train Acc: 0.9154, Val Acc: 0.3930
{'model__max_iter': 1000, 'model__learning_rate_init': 0.001, 'model__hidden_layer_sizes': (100, 50), 'model__alpha': 0.0001, 'model__activation': 'tanh'} -> Train Acc: 0.9996, Val Acc: 0.3911
{'model__max_iter': 1000, 'model__learning_rate_init': 0.001, 'model__hidden_layer_sizes': (100,), 'model__alpha': 0.0001, 'model__activation': 'relu'} -> Train Acc: 0.9974, Val Acc: 0.3860
{'model__max_iter': 500, 'model__learning_rate_init': 0.01, 'model__hidden_layer_sizes': (100, 50), 'model__alpha': 0.001, 'model__activation': 'relu'} -> Train Acc: 0.4287, Val Acc: 0.3802
{'model__max_iter': 500, 'model__learning_rate_init': 0.001, 'model__hidden_layer_sizes': (100, 50), 'model__alpha': 0.001, 'model__activation': 'tanh'} -> Train Acc: 0.9997, Val Acc: 0.3983
{'model__max_iter': 1000, 'model__learning_rate_init': 0.001, 'model__hidden_layer_sizes': (50,), 'model__alpha': 0.001, 'model__activation': 'tanh'} -> Train Acc: 0.9594, Val Acc: 0.3876
{'model__max_iter': 1000, 'model__learning_rate_init': 0.001, 'model__hidden_layer_sizes': (100, 50), 'model__alpha': 0.01, 'model__activation': 'relu'} -> Train Acc: 0.9039, Val Acc: 0.3737
{'model__max_iter': 1000, 'model__learning_rate_init': 0.01, 'model__hidden_layer_sizes': (50,), 'model__alpha': 0.0001, 'model__activation': 'tanh'} -> Train Acc: 0.9751, Val Acc: 0.3833
Best params: {'model__max_iter': 1000, 'model__learning_rate_init': 0.01, 'model__hidden_layer_sizes': (100, 50), 'model__alpha': 0.0001, 'model__activation': 'tanh'}
Validation accuracy: 0.401753496869701
Test accuracy: 0.9375315966500667
