/mnt/projects/rewardMap/STUDIES/reward_signature/.venv/lib64/python3.9/site-packages/sklearn/linear_model/_sag.py:348: ConvergenceWarning: The max_iter was reached which means the coef_ did not converge
  warnings.warn(
/mnt/projects/rewardMap/STUDIES/reward_signature/.venv/lib64/python3.9/site-packages/sklearn/linear_model/_sag.py:348: ConvergenceWarning: The max_iter was reached which means the coef_ did not converge
  warnings.warn(
/mnt/projects/rewardMap/STUDIES/reward_signature/.venv/lib64/python3.9/site-packages/sklearn/linear_model/_sag.py:348: ConvergenceWarning: The max_iter was reached which means the coef_ did not converge
  warnings.warn(
/mnt/projects/rewardMap/STUDIES/reward_signature/.venv/lib64/python3.9/site-packages/sklearn/linear_model/_logistic.py:1207: UserWarning: Setting penalty=None will ignore the C and l1_ratio parameters
  warnings.warn(
/mnt/projects/rewardMap/STUDIES/reward_signature/.venv/lib64/python3.9/site-packages/sklearn/linear_model/_sag.py:348: ConvergenceWarning: The max_iter was reached which means the coef_ did not converge
  warnings.warn(
/mnt/projects/rewardMap/STUDIES/reward_signature/.venv/lib64/python3.9/site-packages/sklearn/linear_model/_logistic.py:1207: UserWarning: Setting penalty=None will ignore the C and l1_ratio parameters
  warnings.warn(
/mnt/projects/rewardMap/STUDIES/reward_signature/.venv/lib64/python3.9/site-packages/sklearn/linear_model/_logistic.py:1207: UserWarning: Setting penalty=None will ignore the C and l1_ratio parameters
  warnings.warn(
/mnt/projects/rewardMap/STUDIES/reward_signature/.venv/lib64/python3.9/site-packages/sklearn/linear_model/_sag.py:348: ConvergenceWarning: The max_iter was reached which means the coef_ did not converge
  warnings.warn(
/mnt/projects/rewardMap/STUDIES/reward_signature/.venv/lib64/python3.9/site-packages/sklearn/linear_model/_logistic.py:1207: UserWarning: Setting penalty=None will ignore the C and l1_ratio parameters
  warnings.warn(
/mnt/projects/rewardMap/STUDIES/reward_signature/.venv/lib64/python3.9/site-packages/sklearn/linear_model/_sag.py:348: ConvergenceWarning: The max_iter was reached which means the coef_ did not converge
  warnings.warn(
/mnt/projects/rewardMap/STUDIES/reward_signature/.venv/lib64/python3.9/site-packages/sklearn/linear_model/_logistic.py:1207: UserWarning: Setting penalty=None will ignore the C and l1_ratio parameters
  warnings.warn(
/mnt/projects/rewardMap/STUDIES/reward_signature/.venv/lib64/python3.9/site-packages/sklearn/linear_model/_sag.py:348: ConvergenceWarning: The max_iter was reached which means the coef_ did not converge
  warnings.warn(
/mnt/projects/rewardMap/STUDIES/reward_signature/.venv/lib64/python3.9/site-packages/sklearn/linear_model/_logistic.py:1207: UserWarning: Setting penalty=None will ignore the C and l1_ratio parameters
  warnings.warn(
/mnt/projects/rewardMap/STUDIES/reward_signature/.venv/lib64/python3.9/site-packages/sklearn/linear_model/_logistic.py:1207: UserWarning: Setting penalty=None will ignore the C and l1_ratio parameters
  warnings.warn(
/mnt/projects/rewardMap/STUDIES/reward_signature/.venv/lib64/python3.9/site-packages/sklearn/linear_model/_logistic.py:1207: UserWarning: Setting penalty=None will ignore the C and l1_ratio parameters
  warnings.warn(
/mnt/projects/rewardMap/STUDIES/reward_signature/.venv/lib64/python3.9/site-packages/sklearn/linear_model/_logistic.py:1207: UserWarning: Setting penalty=None will ignore the C and l1_ratio parameters
  warnings.warn(
/mnt/projects/rewardMap/STUDIES/reward_signature/.venv/lib64/python3.9/site-packages/sklearn/linear_model/_logistic.py:1207: UserWarning: Setting penalty=None will ignore the C and l1_ratio parameters
  warnings.warn(
/mnt/projects/rewardMap/STUDIES/reward_signature/.venv/lib64/python3.9/site-packages/sklearn/linear_model/_sag.py:348: ConvergenceWarning: The max_iter was reached which means the coef_ did not converge
  warnings.warn(
/mnt/projects/rewardMap/STUDIES/reward_signature/.venv/lib64/python3.9/site-packages/sklearn/linear_model/_sag.py:348: ConvergenceWarning: The max_iter was reached which means the coef_ did not converge
  warnings.warn(
/mnt/projects/rewardMap/STUDIES/reward_signature/.venv/lib64/python3.9/site-packages/sklearn/linear_model/_sag.py:348: ConvergenceWarning: The max_iter was reached which means the coef_ did not converge
  warnings.warn(
/mnt/projects/rewardMap/STUDIES/reward_signature/.venv/lib64/python3.9/site-packages/sklearn/linear_model/_sag.py:348: ConvergenceWarning: The max_iter was reached which means the coef_ did not converge
  warnings.warn(
/mnt/projects/rewardMap/STUDIES/reward_signature/.venv/lib64/python3.9/site-packages/sklearn/linear_model/_sag.py:348: ConvergenceWarning: The max_iter was reached which means the coef_ did not converge
  warnings.warn(
/mnt/projects/rewardMap/STUDIES/reward_signature/.venv/lib64/python3.9/site-packages/sklearn/linear_model/_sag.py:348: ConvergenceWarning: The max_iter was reached which means the coef_ did not converge
  warnings.warn(
/mnt/projects/rewardMap/STUDIES/reward_signature/.venv/lib64/python3.9/site-packages/sklearn/linear_model/_sag.py:348: ConvergenceWarning: The max_iter was reached which means the coef_ did not converge
  warnings.warn(
/mnt/projects/rewardMap/STUDIES/reward_signature/.venv/lib64/python3.9/site-packages/sklearn/linear_model/_logistic.py:1207: UserWarning: Setting penalty=None will ignore the C and l1_ratio parameters
  warnings.warn(
/mnt/projects/rewardMap/STUDIES/reward_signature/.venv/lib64/python3.9/site-packages/sklearn/linear_model/_logistic.py:1207: UserWarning: Setting penalty=None will ignore the C and l1_ratio parameters
  warnings.warn(
/mnt/projects/rewardMap/STUDIES/reward_signature/.venv/lib64/python3.9/site-packages/sklearn/linear_model/_logistic.py:1207: UserWarning: Setting penalty=None will ignore the C and l1_ratio parameters
  warnings.warn(
/mnt/projects/rewardMap/STUDIES/reward_signature/.venv/lib64/python3.9/site-packages/sklearn/linear_model/_logistic.py:1207: UserWarning: Setting penalty=None will ignore the C and l1_ratio parameters
  warnings.warn(
/mnt/projects/rewardMap/STUDIES/reward_signature/.venv/lib64/python3.9/site-packages/sklearn/linear_model/_logistic.py:1207: UserWarning: Setting penalty=None will ignore the C and l1_ratio parameters
  warnings.warn(
/mnt/projects/rewardMap/STUDIES/reward_signature/.venv/lib64/python3.9/site-packages/sklearn/linear_model/_logistic.py:1207: UserWarning: Setting penalty=None will ignore the C and l1_ratio parameters
  warnings.warn(
/mnt/projects/rewardMap/STUDIES/reward_signature/.venv/lib64/python3.9/site-packages/sklearn/linear_model/_logistic.py:1207: UserWarning: Setting penalty=None will ignore the C and l1_ratio parameters
  warnings.warn(
/mnt/projects/rewardMap/STUDIES/reward_signature/.venv/lib64/python3.9/site-packages/sklearn/linear_model/_logistic.py:1207: UserWarning: Setting penalty=None will ignore the C and l1_ratio parameters
  warnings.warn(
/mnt/projects/rewardMap/STUDIES/reward_signature/.venv/lib64/python3.9/site-packages/sklearn/linear_model/_logistic.py:1207: UserWarning: Setting penalty=None will ignore the C and l1_ratio parameters
  warnings.warn(
/mnt/projects/rewardMap/STUDIES/reward_signature/.venv/lib64/python3.9/site-packages/sklearn/linear_model/_logistic.py:1207: UserWarning: Setting penalty=None will ignore the C and l1_ratio parameters
  warnings.warn(
/mnt/projects/rewardMap/STUDIES/reward_signature/.venv/lib64/python3.9/site-packages/sklearn/linear_model/_sag.py:348: ConvergenceWarning: The max_iter was reached which means the coef_ did not converge
  warnings.warn(
/mnt/projects/rewardMap/STUDIES/reward_signature/.venv/lib64/python3.9/site-packages/sklearn/linear_model/_sag.py:348: ConvergenceWarning: The max_iter was reached which means the coef_ did not converge
  warnings.warn(
/mnt/projects/rewardMap/STUDIES/reward_signature/.venv/lib64/python3.9/site-packages/sklearn/linear_model/_sag.py:348: ConvergenceWarning: The max_iter was reached which means the coef_ did not converge
  warnings.warn(
/mnt/projects/rewardMap/STUDIES/reward_signature/.venv/lib64/python3.9/site-packages/sklearn/linear_model/_sag.py:348: ConvergenceWarning: The max_iter was reached which means the coef_ did not converge
  warnings.warn(
/mnt/projects/rewardMap/STUDIES/reward_signature/.venv/lib64/python3.9/site-packages/sklearn/linear_model/_sag.py:348: ConvergenceWarning: The max_iter was reached which means the coef_ did not converge
  warnings.warn(
/mnt/projects/rewardMap/STUDIES/reward_signature/.venv/lib64/python3.9/site-packages/sklearn/linear_model/_sag.py:348: ConvergenceWarning: The max_iter was reached which means the coef_ did not converge
  warnings.warn(
/mnt/projects/rewardMap/STUDIES/reward_signature/.venv/lib64/python3.9/site-packages/sklearn/linear_model/_sag.py:348: ConvergenceWarning: The max_iter was reached which means the coef_ did not converge
  warnings.warn(
Fitting 5 folds for each of 20 candidates, totalling 100 fits
[CV] END model__C=10, model__max_iter=10000, model__penalty=l2, pca__n_components=25, pca__whiten=True; total time= 2.3min
[CV] END model__C=10, model__max_iter=10000, model__penalty=l2, pca__n_components=25, pca__whiten=True; total time= 1.7min
[CV] END model__C=10, model__max_iter=10000, model__penalty=l2, pca__n_components=25, pca__whiten=True; total time= 2.3min
[CV] END model__C=10, model__max_iter=10000, model__penalty=l2, pca__n_components=25, pca__whiten=True; total time= 2.3min
[CV] END model__C=10, model__max_iter=10000, model__penalty=l2, pca__n_components=25, pca__whiten=True; total time= 1.5min
[CV] END model__C=10, model__max_iter=1000, model__penalty=None, pca__n_components=10, pca__whiten=False; total time=  57.4s
[CV] END model__C=10, model__max_iter=1000, model__penalty=None, pca__n_components=10, pca__whiten=False; total time=  55.1s
[CV] END model__C=10, model__max_iter=1000, model__penalty=None, pca__n_components=10, pca__whiten=False; total time=  57.3s
[CV] END model__C=10, model__max_iter=1000, model__penalty=None, pca__n_components=10, pca__whiten=False; total time=  54.2s
[CV] END model__C=10, model__max_iter=1000, model__penalty=None, pca__n_components=10, pca__whiten=False; total time=  54.5s
[CV] END model__C=10, model__max_iter=5000, model__penalty=None, pca__n_components=50, pca__whiten=False; total time= 1.6min
[CV] END model__C=10, model__max_iter=5000, model__penalty=None, pca__n_components=50, pca__whiten=False; total time= 1.7min
[CV] END model__C=10, model__max_iter=5000, model__penalty=None, pca__n_components=50, pca__whiten=False; total time= 1.7min
[CV] END model__C=10, model__max_iter=5000, model__penalty=None, pca__n_components=50, pca__whiten=False; total time= 1.8min
[CV] END model__C=10, model__max_iter=5000, model__penalty=None, pca__n_components=50, pca__whiten=False; total time= 1.7min
[CV] END model__C=1, model__max_iter=1000, model__penalty=None, pca__n_components=10, pca__whiten=False; total time=  57.5s
[CV] END model__C=1, model__max_iter=1000, model__penalty=None, pca__n_components=10, pca__whiten=False; total time=  56.3s
[CV] END model__C=1, model__max_iter=1000, model__penalty=None, pca__n_components=10, pca__whiten=False; total time=  54.5s
[CV] END model__C=1, model__max_iter=1000, model__penalty=None, pca__n_components=10, pca__whiten=False; total time=  54.8s
[CV] END model__C=1, model__max_iter=1000, model__penalty=None, pca__n_components=10, pca__whiten=False; total time=  55.0s
[CV] END model__C=1, model__max_iter=10000, model__penalty=None, pca__n_components=50, pca__whiten=True; total time= 3.5min
[CV] END model__C=1, model__max_iter=10000, model__penalty=None, pca__n_components=50, pca__whiten=True; total time= 3.5min
[CV] END model__C=1, model__max_iter=10000, model__penalty=None, pca__n_components=50, pca__whiten=True; total time= 3.5min
[CV] END model__C=1, model__max_iter=10000, model__penalty=None, pca__n_components=50, pca__whiten=True; total time= 2.0min
[CV] END model__C=1, model__max_iter=10000, model__penalty=None, pca__n_components=50, pca__whiten=True; total time= 1.7min
[CV] END model__C=0.1, model__max_iter=5000, model__penalty=l1, pca__n_components=50, pca__whiten=False; total time= 1.7min
[CV] END model__C=0.1, model__max_iter=5000, model__penalty=l1, pca__n_components=50, pca__whiten=False; total time= 1.7min
[CV] END model__C=0.1, model__max_iter=5000, model__penalty=l1, pca__n_components=50, pca__whiten=False; total time= 1.7min
[CV] END model__C=0.1, model__max_iter=5000, model__penalty=l1, pca__n_components=50, pca__whiten=False; total time= 1.8min
[CV] END model__C=0.1, model__max_iter=5000, model__penalty=l1, pca__n_components=50, pca__whiten=False; total time= 1.7min
[CV] END model__C=1, model__max_iter=10000, model__penalty=l1, pca__n_components=50, pca__whiten=False; total time= 1.7min
[CV] END model__C=1, model__max_iter=10000, model__penalty=l1, pca__n_components=50, pca__whiten=False; total time= 1.7min
[CV] END model__C=1, model__max_iter=10000, model__penalty=l1, pca__n_components=50, pca__whiten=False; total time= 1.7min
[CV] END model__C=1, model__max_iter=10000, model__penalty=l1, pca__n_components=50, pca__whiten=False; total time= 1.8min
[CV] END model__C=1, model__max_iter=10000, model__penalty=l1, pca__n_components=50, pca__whiten=False; total time= 1.8min
[CV] END model__C=0.1, model__max_iter=10000, model__penalty=l2, pca__n_components=25, pca__whiten=False; total time= 1.3min
[CV] END model__C=0.1, model__max_iter=10000, model__penalty=l2, pca__n_components=25, pca__whiten=False; total time= 1.2min
[CV] END model__C=0.1, model__max_iter=10000, model__penalty=l2, pca__n_components=25, pca__whiten=False; total time= 1.2min
[CV] END model__C=0.1, model__max_iter=10000, model__penalty=l2, pca__n_components=25, pca__whiten=False; total time= 1.2min
[CV] END model__C=0.1, model__max_iter=10000, model__penalty=l2, pca__n_components=25, pca__whiten=False; total time= 1.2min
[CV] END model__C=1, model__max_iter=10000, model__penalty=l1, pca__n_components=50, pca__whiten=True; total time= 2.2min
[CV] END model__C=1, model__max_iter=10000, model__penalty=l1, pca__n_components=50, pca__whiten=True; total time= 2.3min
[CV] END model__C=1, model__max_iter=10000, model__penalty=l1, pca__n_components=50, pca__whiten=True; total time= 2.9min
[CV] END model__C=1, model__max_iter=10000, model__penalty=l1, pca__n_components=50, pca__whiten=True; total time= 2.8min
[CV] END model__C=1, model__max_iter=10000, model__penalty=l1, pca__n_components=50, pca__whiten=True; total time= 2.0min
[CV] END model__C=10, model__max_iter=10000, model__penalty=None, pca__n_components=10, pca__whiten=True; total time=  54.1s
[CV] END model__C=10, model__max_iter=10000, model__penalty=None, pca__n_components=10, pca__whiten=True; total time=  54.1s
[CV] END model__C=10, model__max_iter=10000, model__penalty=None, pca__n_components=10, pca__whiten=True; total time=  54.1s
[CV] END model__C=10, model__max_iter=10000, model__penalty=None, pca__n_components=10, pca__whiten=True; total time=  54.4s
[CV] END model__C=10, model__max_iter=10000, model__penalty=None, pca__n_components=10, pca__whiten=True; total time=  53.8s
[CV] END model__C=0.1, model__max_iter=5000, model__penalty=None, pca__n_components=10, pca__whiten=False; total time=  57.5s
[CV] END model__C=0.1, model__max_iter=5000, model__penalty=None, pca__n_components=10, pca__whiten=False; total time=  56.4s
[CV] END model__C=0.1, model__max_iter=5000, model__penalty=None, pca__n_components=10, pca__whiten=False; total time=  59.8s
[CV] END model__C=0.1, model__max_iter=5000, model__penalty=None, pca__n_components=10, pca__whiten=False; total time=  58.2s
[CV] END model__C=0.1, model__max_iter=5000, model__penalty=None, pca__n_components=10, pca__whiten=False; total time=  55.3s
[CV] END model__C=1, model__max_iter=5000, model__penalty=l2, pca__n_components=10, pca__whiten=True; total time=  54.5s
[CV] END model__C=1, model__max_iter=5000, model__penalty=l2, pca__n_components=10, pca__whiten=True; total time=  53.8s
[CV] END model__C=1, model__max_iter=5000, model__penalty=l2, pca__n_components=10, pca__whiten=True; total time=  50.9s
[CV] END model__C=1, model__max_iter=5000, model__penalty=l2, pca__n_components=10, pca__whiten=True; total time=  54.0s
[CV] END model__C=1, model__max_iter=5000, model__penalty=l2, pca__n_components=10, pca__whiten=True; total time=  53.9s
[CV] END model__C=0.1, model__max_iter=1000, model__penalty=l2, pca__n_components=25, pca__whiten=False; total time= 1.2min
[CV] END model__C=0.1, model__max_iter=1000, model__penalty=l2, pca__n_components=25, pca__whiten=False; total time= 1.2min
[CV] END model__C=0.1, model__max_iter=1000, model__penalty=l2, pca__n_components=25, pca__whiten=False; total time= 1.2min
[CV] END model__C=0.1, model__max_iter=1000, model__penalty=l2, pca__n_components=25, pca__whiten=False; total time= 1.2min
[CV] END model__C=0.1, model__max_iter=1000, model__penalty=l2, pca__n_components=25, pca__whiten=False; total time= 1.2min
[CV] END model__C=1, model__max_iter=1000, model__penalty=l2, pca__n_components=10, pca__whiten=True; total time=  54.2s
[CV] END model__C=1, model__max_iter=1000, model__penalty=l2, pca__n_components=10, pca__whiten=True; total time=  54.2s
[CV] END model__C=1, model__max_iter=1000, model__penalty=l2, pca__n_components=10, pca__whiten=True; total time=  54.1s
[CV] END model__C=1, model__max_iter=1000, model__penalty=l2, pca__n_components=10, pca__whiten=True; total time=  50.9s
[CV] END model__C=1, model__max_iter=1000, model__penalty=l2, pca__n_components=10, pca__whiten=True; total time=  50.7s
[CV] END model__C=0.1, model__max_iter=5000, model__penalty=l1, pca__n_components=10, pca__whiten=True; total time=  54.0s
[CV] END model__C=0.1, model__max_iter=5000, model__penalty=l1, pca__n_components=10, pca__whiten=True; total time=  52.2s
[CV] END model__C=0.1, model__max_iter=5000, model__penalty=l1, pca__n_components=10, pca__whiten=True; total time=  51.9s
[CV] END model__C=0.1, model__max_iter=5000, model__penalty=l1, pca__n_components=10, pca__whiten=True; total time=  51.9s
[CV] END model__C=0.1, model__max_iter=5000, model__penalty=l1, pca__n_components=10, pca__whiten=True; total time=  52.4s
[CV] END model__C=0.1, model__max_iter=5000, model__penalty=l2, pca__n_components=10, pca__whiten=True; total time=  51.7s
[CV] END model__C=0.1, model__max_iter=5000, model__penalty=l2, pca__n_components=10, pca__whiten=True; total time=  53.5s
[CV] END model__C=0.1, model__max_iter=5000, model__penalty=l2, pca__n_components=10, pca__whiten=True; total time=  54.7s
[CV] END model__C=0.1, model__max_iter=5000, model__penalty=l2, pca__n_components=10, pca__whiten=True; total time=  54.5s
[CV] END model__C=0.1, model__max_iter=5000, model__penalty=l2, pca__n_components=10, pca__whiten=True; total time=  54.9s
[CV] END model__C=10, model__max_iter=5000, model__penalty=l2, pca__n_components=50, pca__whiten=False; total time= 1.7min
[CV] END model__C=10, model__max_iter=5000, model__penalty=l2, pca__n_components=50, pca__whiten=False; total time= 1.7min
[CV] END model__C=10, model__max_iter=5000, model__penalty=l2, pca__n_components=50, pca__whiten=False; total time= 1.7min
[CV] END model__C=10, model__max_iter=5000, model__penalty=l2, pca__n_components=50, pca__whiten=False; total time= 1.8min
[CV] END model__C=10, model__max_iter=5000, model__penalty=l2, pca__n_components=50, pca__whiten=False; total time= 1.7min
[CV] END model__C=1, model__max_iter=10000, model__penalty=l2, pca__n_components=25, pca__whiten=True; total time= 1.9min
[CV] END model__C=1, model__max_iter=10000, model__penalty=l2, pca__n_components=25, pca__whiten=True; total time= 1.6min
[CV] END model__C=1, model__max_iter=10000, model__penalty=l2, pca__n_components=25, pca__whiten=True; total time= 2.3min
[CV] END model__C=1, model__max_iter=10000, model__penalty=l2, pca__n_components=25, pca__whiten=True; total time= 1.5min
[CV] END model__C=1, model__max_iter=10000, model__penalty=l2, pca__n_components=25, pca__whiten=True; total time= 1.6min
[CV] END model__C=1, model__max_iter=10000, model__penalty=l1, pca__n_components=25, pca__whiten=True; total time= 1.4min
[CV] END model__C=1, model__max_iter=10000, model__penalty=l1, pca__n_components=25, pca__whiten=True; total time= 2.6min
[CV] END model__C=1, model__max_iter=10000, model__penalty=l1, pca__n_components=25, pca__whiten=True; total time= 1.6min
[CV] END model__C=1, model__max_iter=10000, model__penalty=l1, pca__n_components=25, pca__whiten=True; total time= 1.5min
[CV] END model__C=1, model__max_iter=10000, model__penalty=l1, pca__n_components=25, pca__whiten=True; total time= 1.8min
[CV] END model__C=0.1, model__max_iter=1000, model__penalty=l2, pca__n_components=50, pca__whiten=True; total time= 1.8min
[CV] END model__C=0.1, model__max_iter=1000, model__penalty=l2, pca__n_components=50, pca__whiten=True; total time= 1.8min
[CV] END model__C=0.1, model__max_iter=1000, model__penalty=l2, pca__n_components=50, pca__whiten=True; total time= 1.8min
[CV] END model__C=0.1, model__max_iter=1000, model__penalty=l2, pca__n_components=50, pca__whiten=True; total time= 1.9min
[CV] END model__C=0.1, model__max_iter=1000, model__penalty=l2, pca__n_components=50, pca__whiten=True; total time= 1.8min
{'pca__whiten': True, 'pca__n_components': 25, 'model__penalty': 'l2', 'model__max_iter': 10000, 'model__C': 10} -> Train Acc: 0.3912, Val Acc: 0.3915
{'pca__whiten': False, 'pca__n_components': 10, 'model__penalty': None, 'model__max_iter': 1000, 'model__C': 10} -> Train Acc: 0.3966, Val Acc: 0.3932
{'pca__whiten': False, 'pca__n_components': 50, 'model__penalty': None, 'model__max_iter': 5000, 'model__C': 10} -> Train Acc: 0.4651, Val Acc: 0.4463
{'pca__whiten': False, 'pca__n_components': 10, 'model__penalty': None, 'model__max_iter': 1000, 'model__C': 1} -> Train Acc: 0.3948, Val Acc: 0.3942
{'pca__whiten': True, 'pca__n_components': 50, 'model__penalty': None, 'model__max_iter': 10000, 'model__C': 1} -> Train Acc: 0.4108, Val Acc: 0.4030
{'pca__whiten': False, 'pca__n_components': 50, 'model__penalty': 'l1', 'model__max_iter': 5000, 'model__C': 0.1} -> Train Acc: 0.4654, Val Acc: 0.4511
{'pca__whiten': False, 'pca__n_components': 50, 'model__penalty': 'l1', 'model__max_iter': 10000, 'model__C': 1} -> Train Acc: 0.4663, Val Acc: 0.4474
{'pca__whiten': False, 'pca__n_components': 25, 'model__penalty': 'l2', 'model__max_iter': 10000, 'model__C': 0.1} -> Train Acc: 0.4393, Val Acc: 0.4288
{'pca__whiten': True, 'pca__n_components': 50, 'model__penalty': 'l1', 'model__max_iter': 10000, 'model__C': 1} -> Train Acc: 0.4100, Val Acc: 0.4041
{'pca__whiten': True, 'pca__n_components': 10, 'model__penalty': None, 'model__max_iter': 10000, 'model__C': 10} -> Train Acc: 0.3627, Val Acc: 0.3579
{'pca__whiten': False, 'pca__n_components': 10, 'model__penalty': None, 'model__max_iter': 5000, 'model__C': 0.1} -> Train Acc: 0.3954, Val Acc: 0.3843
{'pca__whiten': True, 'pca__n_components': 10, 'model__penalty': 'l2', 'model__max_iter': 5000, 'model__C': 1} -> Train Acc: 0.3627, Val Acc: 0.3579
{'pca__whiten': False, 'pca__n_components': 25, 'model__penalty': 'l2', 'model__max_iter': 1000, 'model__C': 0.1} -> Train Acc: 0.4391, Val Acc: 0.4299
{'pca__whiten': True, 'pca__n_components': 10, 'model__penalty': 'l2', 'model__max_iter': 1000, 'model__C': 1} -> Train Acc: 0.3629, Val Acc: 0.3579
{'pca__whiten': True, 'pca__n_components': 10, 'model__penalty': 'l1', 'model__max_iter': 5000, 'model__C': 0.1} -> Train Acc: 0.3620, Val Acc: 0.3580
{'pca__whiten': True, 'pca__n_components': 10, 'model__penalty': 'l2', 'model__max_iter': 5000, 'model__C': 0.1} -> Train Acc: 0.3626, Val Acc: 0.3586
{'pca__whiten': False, 'pca__n_components': 50, 'model__penalty': 'l2', 'model__max_iter': 5000, 'model__C': 10} -> Train Acc: 0.4659, Val Acc: 0.4523
{'pca__whiten': True, 'pca__n_components': 25, 'model__penalty': 'l2', 'model__max_iter': 10000, 'model__C': 1} -> Train Acc: 0.3910, Val Acc: 0.3926
{'pca__whiten': True, 'pca__n_components': 25, 'model__penalty': 'l1', 'model__max_iter': 10000, 'model__C': 1} -> Train Acc: 0.3915, Val Acc: 0.3902
{'pca__whiten': True, 'pca__n_components': 50, 'model__penalty': 'l2', 'model__max_iter': 1000, 'model__C': 0.1} -> Train Acc: 0.4108, Val Acc: 0.4024
Best params: {'pca__whiten': False, 'pca__n_components': 50, 'model__penalty': 'l2', 'model__max_iter': 5000, 'model__C': 10}
Validation accuracy: 0.45227577842254324
Test accuracy: 0.45594180983333593
