/mnt/projects/rewardMap/STUDIES/reward_signature/.venv/lib64/python3.9/site-packages/sklearn/linear_model/_logistic.py:1207: UserWarning: Setting penalty=None will ignore the C and l1_ratio parameters
  warnings.warn(
/mnt/projects/rewardMap/STUDIES/reward_signature/.venv/lib64/python3.9/site-packages/sklearn/linear_model/_sag.py:348: ConvergenceWarning: The max_iter was reached which means the coef_ did not converge
  warnings.warn(
/mnt/projects/rewardMap/STUDIES/reward_signature/.venv/lib64/python3.9/site-packages/sklearn/linear_model/_logistic.py:1207: UserWarning: Setting penalty=None will ignore the C and l1_ratio parameters
  warnings.warn(
/mnt/projects/rewardMap/STUDIES/reward_signature/.venv/lib64/python3.9/site-packages/sklearn/linear_model/_sag.py:348: ConvergenceWarning: The max_iter was reached which means the coef_ did not converge
  warnings.warn(
/mnt/projects/rewardMap/STUDIES/reward_signature/.venv/lib64/python3.9/site-packages/sklearn/linear_model/_logistic.py:1207: UserWarning: Setting penalty=None will ignore the C and l1_ratio parameters
  warnings.warn(
/mnt/projects/rewardMap/STUDIES/reward_signature/.venv/lib64/python3.9/site-packages/sklearn/linear_model/_sag.py:348: ConvergenceWarning: The max_iter was reached which means the coef_ did not converge
  warnings.warn(
/mnt/projects/rewardMap/STUDIES/reward_signature/.venv/lib64/python3.9/site-packages/sklearn/linear_model/_logistic.py:1207: UserWarning: Setting penalty=None will ignore the C and l1_ratio parameters
  warnings.warn(
/mnt/projects/rewardMap/STUDIES/reward_signature/.venv/lib64/python3.9/site-packages/sklearn/linear_model/_sag.py:348: ConvergenceWarning: The max_iter was reached which means the coef_ did not converge
  warnings.warn(
/mnt/projects/rewardMap/STUDIES/reward_signature/.venv/lib64/python3.9/site-packages/sklearn/linear_model/_logistic.py:1207: UserWarning: Setting penalty=None will ignore the C and l1_ratio parameters
  warnings.warn(
/mnt/projects/rewardMap/STUDIES/reward_signature/.venv/lib64/python3.9/site-packages/sklearn/linear_model/_sag.py:348: ConvergenceWarning: The max_iter was reached which means the coef_ did not converge
  warnings.warn(
/mnt/projects/rewardMap/STUDIES/reward_signature/.venv/lib64/python3.9/site-packages/sklearn/linear_model/_logistic.py:1207: UserWarning: Setting penalty=None will ignore the C and l1_ratio parameters
  warnings.warn(
/mnt/projects/rewardMap/STUDIES/reward_signature/.venv/lib64/python3.9/site-packages/sklearn/linear_model/_logistic.py:1207: UserWarning: Setting penalty=None will ignore the C and l1_ratio parameters
  warnings.warn(
/mnt/projects/rewardMap/STUDIES/reward_signature/.venv/lib64/python3.9/site-packages/sklearn/linear_model/_logistic.py:1207: UserWarning: Setting penalty=None will ignore the C and l1_ratio parameters
  warnings.warn(
/mnt/projects/rewardMap/STUDIES/reward_signature/.venv/lib64/python3.9/site-packages/sklearn/linear_model/_logistic.py:1207: UserWarning: Setting penalty=None will ignore the C and l1_ratio parameters
  warnings.warn(
/mnt/projects/rewardMap/STUDIES/reward_signature/.venv/lib64/python3.9/site-packages/sklearn/linear_model/_logistic.py:1207: UserWarning: Setting penalty=None will ignore the C and l1_ratio parameters
  warnings.warn(
/mnt/projects/rewardMap/STUDIES/reward_signature/.venv/lib64/python3.9/site-packages/sklearn/linear_model/_sag.py:348: ConvergenceWarning: The max_iter was reached which means the coef_ did not converge
  warnings.warn(
/mnt/projects/rewardMap/STUDIES/reward_signature/.venv/lib64/python3.9/site-packages/sklearn/linear_model/_sag.py:348: ConvergenceWarning: The max_iter was reached which means the coef_ did not converge
  warnings.warn(
/mnt/projects/rewardMap/STUDIES/reward_signature/.venv/lib64/python3.9/site-packages/sklearn/linear_model/_sag.py:348: ConvergenceWarning: The max_iter was reached which means the coef_ did not converge
  warnings.warn(
/mnt/projects/rewardMap/STUDIES/reward_signature/.venv/lib64/python3.9/site-packages/sklearn/linear_model/_sag.py:348: ConvergenceWarning: The max_iter was reached which means the coef_ did not converge
  warnings.warn(
/mnt/projects/rewardMap/STUDIES/reward_signature/.venv/lib64/python3.9/site-packages/sklearn/linear_model/_sag.py:348: ConvergenceWarning: The max_iter was reached which means the coef_ did not converge
  warnings.warn(
/mnt/projects/rewardMap/STUDIES/reward_signature/.venv/lib64/python3.9/site-packages/sklearn/linear_model/_logistic.py:1207: UserWarning: Setting penalty=None will ignore the C and l1_ratio parameters
  warnings.warn(
/mnt/projects/rewardMap/STUDIES/reward_signature/.venv/lib64/python3.9/site-packages/sklearn/linear_model/_logistic.py:1207: UserWarning: Setting penalty=None will ignore the C and l1_ratio parameters
  warnings.warn(
/mnt/projects/rewardMap/STUDIES/reward_signature/.venv/lib64/python3.9/site-packages/sklearn/linear_model/_logistic.py:1207: UserWarning: Setting penalty=None will ignore the C and l1_ratio parameters
  warnings.warn(
/mnt/projects/rewardMap/STUDIES/reward_signature/.venv/lib64/python3.9/site-packages/sklearn/linear_model/_logistic.py:1207: UserWarning: Setting penalty=None will ignore the C and l1_ratio parameters
  warnings.warn(
/mnt/projects/rewardMap/STUDIES/reward_signature/.venv/lib64/python3.9/site-packages/sklearn/linear_model/_logistic.py:1207: UserWarning: Setting penalty=None will ignore the C and l1_ratio parameters
  warnings.warn(
/mnt/projects/rewardMap/STUDIES/reward_signature/.venv/lib64/python3.9/site-packages/sklearn/linear_model/_logistic.py:1207: UserWarning: Setting penalty=None will ignore the C and l1_ratio parameters
  warnings.warn(
/mnt/projects/rewardMap/STUDIES/reward_signature/.venv/lib64/python3.9/site-packages/sklearn/linear_model/_logistic.py:1207: UserWarning: Setting penalty=None will ignore the C and l1_ratio parameters
  warnings.warn(
/mnt/projects/rewardMap/STUDIES/reward_signature/.venv/lib64/python3.9/site-packages/sklearn/linear_model/_logistic.py:1207: UserWarning: Setting penalty=None will ignore the C and l1_ratio parameters
  warnings.warn(
/mnt/projects/rewardMap/STUDIES/reward_signature/.venv/lib64/python3.9/site-packages/sklearn/linear_model/_logistic.py:1207: UserWarning: Setting penalty=None will ignore the C and l1_ratio parameters
  warnings.warn(
/mnt/projects/rewardMap/STUDIES/reward_signature/.venv/lib64/python3.9/site-packages/sklearn/linear_model/_logistic.py:1207: UserWarning: Setting penalty=None will ignore the C and l1_ratio parameters
  warnings.warn(
/mnt/projects/rewardMap/STUDIES/reward_signature/.venv/lib64/python3.9/site-packages/sklearn/linear_model/_sag.py:348: ConvergenceWarning: The max_iter was reached which means the coef_ did not converge
  warnings.warn(
/mnt/projects/rewardMap/STUDIES/reward_signature/.venv/lib64/python3.9/site-packages/sklearn/linear_model/_sag.py:348: ConvergenceWarning: The max_iter was reached which means the coef_ did not converge
  warnings.warn(
/mnt/projects/rewardMap/STUDIES/reward_signature/.venv/lib64/python3.9/site-packages/sklearn/linear_model/_sag.py:348: ConvergenceWarning: The max_iter was reached which means the coef_ did not converge
  warnings.warn(
/mnt/projects/rewardMap/STUDIES/reward_signature/.venv/lib64/python3.9/site-packages/sklearn/linear_model/_sag.py:348: ConvergenceWarning: The max_iter was reached which means the coef_ did not converge
  warnings.warn(
/mnt/projects/rewardMap/STUDIES/reward_signature/.venv/lib64/python3.9/site-packages/sklearn/linear_model/_sag.py:348: ConvergenceWarning: The max_iter was reached which means the coef_ did not converge
  warnings.warn(
Fitting 5 folds for each of 20 candidates, totalling 100 fits
[CV] END model__C=10, model__max_iter=10000, model__penalty=l2, pca__n_components=25, pca__whiten=True; total time= 2.2min
[CV] END model__C=10, model__max_iter=10000, model__penalty=l2, pca__n_components=25, pca__whiten=True; total time= 2.3min
[CV] END model__C=10, model__max_iter=10000, model__penalty=l2, pca__n_components=25, pca__whiten=True; total time= 2.3min
[CV] END model__C=10, model__max_iter=10000, model__penalty=l2, pca__n_components=25, pca__whiten=True; total time= 2.3min
[CV] END model__C=10, model__max_iter=10000, model__penalty=l2, pca__n_components=25, pca__whiten=True; total time= 2.3min
[CV] END model__C=10, model__max_iter=1000, model__penalty=None, pca__n_components=10, pca__whiten=False; total time= 2.1min
[CV] END model__C=10, model__max_iter=1000, model__penalty=None, pca__n_components=10, pca__whiten=False; total time= 2.2min
[CV] END model__C=10, model__max_iter=1000, model__penalty=None, pca__n_components=10, pca__whiten=False; total time= 2.2min
[CV] END model__C=10, model__max_iter=1000, model__penalty=None, pca__n_components=10, pca__whiten=False; total time= 2.1min
[CV] END model__C=10, model__max_iter=1000, model__penalty=None, pca__n_components=10, pca__whiten=False; total time= 2.1min
[CV] END model__C=10, model__max_iter=5000, model__penalty=None, pca__n_components=50, pca__whiten=False; total time= 2.6min
[CV] END model__C=10, model__max_iter=5000, model__penalty=None, pca__n_components=50, pca__whiten=False; total time= 2.7min
[CV] END model__C=10, model__max_iter=5000, model__penalty=None, pca__n_components=50, pca__whiten=False; total time= 2.6min
[CV] END model__C=10, model__max_iter=5000, model__penalty=None, pca__n_components=50, pca__whiten=False; total time= 2.6min
[CV] END model__C=10, model__max_iter=5000, model__penalty=None, pca__n_components=50, pca__whiten=False; total time= 2.6min
[CV] END model__C=1, model__max_iter=1000, model__penalty=None, pca__n_components=10, pca__whiten=False; total time= 2.1min
[CV] END model__C=1, model__max_iter=1000, model__penalty=None, pca__n_components=10, pca__whiten=False; total time= 2.1min
[CV] END model__C=1, model__max_iter=1000, model__penalty=None, pca__n_components=10, pca__whiten=False; total time= 2.1min
[CV] END model__C=1, model__max_iter=1000, model__penalty=None, pca__n_components=10, pca__whiten=False; total time= 2.1min
[CV] END model__C=1, model__max_iter=1000, model__penalty=None, pca__n_components=10, pca__whiten=False; total time= 2.2min
[CV] END model__C=1, model__max_iter=10000, model__penalty=None, pca__n_components=50, pca__whiten=True; total time= 2.5min
[CV] END model__C=1, model__max_iter=10000, model__penalty=None, pca__n_components=50, pca__whiten=True; total time= 2.4min
[CV] END model__C=1, model__max_iter=10000, model__penalty=None, pca__n_components=50, pca__whiten=True; total time= 2.4min
[CV] END model__C=1, model__max_iter=10000, model__penalty=None, pca__n_components=50, pca__whiten=True; total time= 2.5min
[CV] END model__C=1, model__max_iter=10000, model__penalty=None, pca__n_components=50, pca__whiten=True; total time= 2.5min
[CV] END model__C=0.1, model__max_iter=5000, model__penalty=l1, pca__n_components=50, pca__whiten=False; total time= 2.7min
[CV] END model__C=0.1, model__max_iter=5000, model__penalty=l1, pca__n_components=50, pca__whiten=False; total time= 2.8min
[CV] END model__C=0.1, model__max_iter=5000, model__penalty=l1, pca__n_components=50, pca__whiten=False; total time= 2.7min
[CV] END model__C=0.1, model__max_iter=5000, model__penalty=l1, pca__n_components=50, pca__whiten=False; total time= 2.7min
[CV] END model__C=0.1, model__max_iter=5000, model__penalty=l1, pca__n_components=50, pca__whiten=False; total time= 2.8min
[CV] END model__C=1, model__max_iter=10000, model__penalty=l1, pca__n_components=50, pca__whiten=False; total time= 2.7min
[CV] END model__C=1, model__max_iter=10000, model__penalty=l1, pca__n_components=50, pca__whiten=False; total time= 2.7min
[CV] END model__C=1, model__max_iter=10000, model__penalty=l1, pca__n_components=50, pca__whiten=False; total time= 2.7min
[CV] END model__C=1, model__max_iter=10000, model__penalty=l1, pca__n_components=50, pca__whiten=False; total time= 2.7min
[CV] END model__C=1, model__max_iter=10000, model__penalty=l1, pca__n_components=50, pca__whiten=False; total time= 2.7min
[CV] END model__C=0.1, model__max_iter=10000, model__penalty=l2, pca__n_components=25, pca__whiten=False; total time= 2.4min
[CV] END model__C=0.1, model__max_iter=10000, model__penalty=l2, pca__n_components=25, pca__whiten=False; total time= 2.4min
[CV] END model__C=0.1, model__max_iter=10000, model__penalty=l2, pca__n_components=25, pca__whiten=False; total time= 2.4min
[CV] END model__C=0.1, model__max_iter=10000, model__penalty=l2, pca__n_components=25, pca__whiten=False; total time= 2.4min
[CV] END model__C=0.1, model__max_iter=10000, model__penalty=l2, pca__n_components=25, pca__whiten=False; total time= 2.3min
[CV] END model__C=1, model__max_iter=10000, model__penalty=l1, pca__n_components=50, pca__whiten=True; total time= 2.5min
[CV] END model__C=1, model__max_iter=10000, model__penalty=l1, pca__n_components=50, pca__whiten=True; total time= 2.5min
[CV] END model__C=1, model__max_iter=10000, model__penalty=l1, pca__n_components=50, pca__whiten=True; total time= 2.5min
[CV] END model__C=1, model__max_iter=10000, model__penalty=l1, pca__n_components=50, pca__whiten=True; total time= 2.6min
[CV] END model__C=1, model__max_iter=10000, model__penalty=l1, pca__n_components=50, pca__whiten=True; total time= 2.5min
[CV] END model__C=10, model__max_iter=10000, model__penalty=None, pca__n_components=10, pca__whiten=True; total time= 2.1min
[CV] END model__C=10, model__max_iter=10000, model__penalty=None, pca__n_components=10, pca__whiten=True; total time= 2.1min
[CV] END model__C=10, model__max_iter=10000, model__penalty=None, pca__n_components=10, pca__whiten=True; total time= 2.1min
[CV] END model__C=10, model__max_iter=10000, model__penalty=None, pca__n_components=10, pca__whiten=True; total time= 2.1min
[CV] END model__C=10, model__max_iter=10000, model__penalty=None, pca__n_components=10, pca__whiten=True; total time= 2.1min
[CV] END model__C=0.1, model__max_iter=5000, model__penalty=None, pca__n_components=10, pca__whiten=False; total time= 2.2min
[CV] END model__C=0.1, model__max_iter=5000, model__penalty=None, pca__n_components=10, pca__whiten=False; total time= 2.1min
[CV] END model__C=0.1, model__max_iter=5000, model__penalty=None, pca__n_components=10, pca__whiten=False; total time= 2.1min
[CV] END model__C=0.1, model__max_iter=5000, model__penalty=None, pca__n_components=10, pca__whiten=False; total time= 2.1min
[CV] END model__C=0.1, model__max_iter=5000, model__penalty=None, pca__n_components=10, pca__whiten=False; total time= 2.2min
[CV] END model__C=1, model__max_iter=5000, model__penalty=l2, pca__n_components=10, pca__whiten=True; total time= 2.1min
[CV] END model__C=1, model__max_iter=5000, model__penalty=l2, pca__n_components=10, pca__whiten=True; total time= 2.1min
[CV] END model__C=1, model__max_iter=5000, model__penalty=l2, pca__n_components=10, pca__whiten=True; total time= 2.1min
[CV] END model__C=1, model__max_iter=5000, model__penalty=l2, pca__n_components=10, pca__whiten=True; total time= 2.1min
[CV] END model__C=1, model__max_iter=5000, model__penalty=l2, pca__n_components=10, pca__whiten=True; total time= 2.0min
[CV] END model__C=0.1, model__max_iter=1000, model__penalty=l2, pca__n_components=25, pca__whiten=False; total time= 2.4min
[CV] END model__C=0.1, model__max_iter=1000, model__penalty=l2, pca__n_components=25, pca__whiten=False; total time= 2.3min
[CV] END model__C=0.1, model__max_iter=1000, model__penalty=l2, pca__n_components=25, pca__whiten=False; total time= 2.3min
[CV] END model__C=0.1, model__max_iter=1000, model__penalty=l2, pca__n_components=25, pca__whiten=False; total time= 2.3min
[CV] END model__C=0.1, model__max_iter=1000, model__penalty=l2, pca__n_components=25, pca__whiten=False; total time= 2.4min
[CV] END model__C=1, model__max_iter=1000, model__penalty=l2, pca__n_components=10, pca__whiten=True; total time= 2.1min
[CV] END model__C=1, model__max_iter=1000, model__penalty=l2, pca__n_components=10, pca__whiten=True; total time= 2.1min
[CV] END model__C=1, model__max_iter=1000, model__penalty=l2, pca__n_components=10, pca__whiten=True; total time= 2.1min
[CV] END model__C=1, model__max_iter=1000, model__penalty=l2, pca__n_components=10, pca__whiten=True; total time= 2.1min
[CV] END model__C=1, model__max_iter=1000, model__penalty=l2, pca__n_components=10, pca__whiten=True; total time= 2.1min
[CV] END model__C=0.1, model__max_iter=5000, model__penalty=l1, pca__n_components=10, pca__whiten=True; total time= 2.1min
[CV] END model__C=0.1, model__max_iter=5000, model__penalty=l1, pca__n_components=10, pca__whiten=True; total time= 2.1min
[CV] END model__C=0.1, model__max_iter=5000, model__penalty=l1, pca__n_components=10, pca__whiten=True; total time= 2.1min
[CV] END model__C=0.1, model__max_iter=5000, model__penalty=l1, pca__n_components=10, pca__whiten=True; total time= 2.1min
[CV] END model__C=0.1, model__max_iter=5000, model__penalty=l1, pca__n_components=10, pca__whiten=True; total time= 2.1min
[CV] END model__C=0.1, model__max_iter=5000, model__penalty=l2, pca__n_components=10, pca__whiten=True; total time= 2.1min
[CV] END model__C=0.1, model__max_iter=5000, model__penalty=l2, pca__n_components=10, pca__whiten=True; total time= 2.1min
[CV] END model__C=0.1, model__max_iter=5000, model__penalty=l2, pca__n_components=10, pca__whiten=True; total time= 2.1min
[CV] END model__C=0.1, model__max_iter=5000, model__penalty=l2, pca__n_components=10, pca__whiten=True; total time= 2.2min
[CV] END model__C=0.1, model__max_iter=5000, model__penalty=l2, pca__n_components=10, pca__whiten=True; total time= 2.1min
[CV] END model__C=10, model__max_iter=5000, model__penalty=l2, pca__n_components=50, pca__whiten=False; total time= 2.7min
[CV] END model__C=10, model__max_iter=5000, model__penalty=l2, pca__n_components=50, pca__whiten=False; total time= 2.7min
[CV] END model__C=10, model__max_iter=5000, model__penalty=l2, pca__n_components=50, pca__whiten=False; total time= 2.7min
[CV] END model__C=10, model__max_iter=5000, model__penalty=l2, pca__n_components=50, pca__whiten=False; total time= 2.7min
[CV] END model__C=10, model__max_iter=5000, model__penalty=l2, pca__n_components=50, pca__whiten=False; total time= 2.7min
[CV] END model__C=1, model__max_iter=10000, model__penalty=l2, pca__n_components=25, pca__whiten=True; total time= 2.3min
[CV] END model__C=1, model__max_iter=10000, model__penalty=l2, pca__n_components=25, pca__whiten=True; total time= 2.3min
[CV] END model__C=1, model__max_iter=10000, model__penalty=l2, pca__n_components=25, pca__whiten=True; total time= 2.3min
[CV] END model__C=1, model__max_iter=10000, model__penalty=l2, pca__n_components=25, pca__whiten=True; total time= 2.3min
[CV] END model__C=1, model__max_iter=10000, model__penalty=l2, pca__n_components=25, pca__whiten=True; total time= 2.3min
[CV] END model__C=1, model__max_iter=10000, model__penalty=l1, pca__n_components=25, pca__whiten=True; total time= 2.3min
[CV] END model__C=1, model__max_iter=10000, model__penalty=l1, pca__n_components=25, pca__whiten=True; total time= 2.3min
[CV] END model__C=1, model__max_iter=10000, model__penalty=l1, pca__n_components=25, pca__whiten=True; total time= 2.3min
[CV] END model__C=1, model__max_iter=10000, model__penalty=l1, pca__n_components=25, pca__whiten=True; total time= 2.3min
[CV] END model__C=1, model__max_iter=10000, model__penalty=l1, pca__n_components=25, pca__whiten=True; total time= 2.3min
[CV] END model__C=0.1, model__max_iter=1000, model__penalty=l2, pca__n_components=50, pca__whiten=True; total time= 2.5min
[CV] END model__C=0.1, model__max_iter=1000, model__penalty=l2, pca__n_components=50, pca__whiten=True; total time= 2.5min
[CV] END model__C=0.1, model__max_iter=1000, model__penalty=l2, pca__n_components=50, pca__whiten=True; total time= 2.5min
[CV] END model__C=0.1, model__max_iter=1000, model__penalty=l2, pca__n_components=50, pca__whiten=True; total time= 2.5min
[CV] END model__C=0.1, model__max_iter=1000, model__penalty=l2, pca__n_components=50, pca__whiten=True; total time= 2.5min
{'pca__whiten': True, 'pca__n_components': 25, 'model__penalty': 'l2', 'model__max_iter': 10000, 'model__C': 10} -> Train Acc: 0.4762, Val Acc: 0.4500
{'pca__whiten': False, 'pca__n_components': 10, 'model__penalty': None, 'model__max_iter': 1000, 'model__C': 10} -> Train Acc: 0.4291, Val Acc: 0.4255
{'pca__whiten': False, 'pca__n_components': 50, 'model__penalty': None, 'model__max_iter': 5000, 'model__C': 10} -> Train Acc: 0.5024, Val Acc: 0.4649
{'pca__whiten': False, 'pca__n_components': 10, 'model__penalty': None, 'model__max_iter': 1000, 'model__C': 1} -> Train Acc: 0.4291, Val Acc: 0.4257
{'pca__whiten': True, 'pca__n_components': 50, 'model__penalty': None, 'model__max_iter': 10000, 'model__C': 1} -> Train Acc: 0.5002, Val Acc: 0.4677
{'pca__whiten': False, 'pca__n_components': 50, 'model__penalty': 'l1', 'model__max_iter': 5000, 'model__C': 0.1} -> Train Acc: 0.5021, Val Acc: 0.4670
{'pca__whiten': False, 'pca__n_components': 50, 'model__penalty': 'l1', 'model__max_iter': 10000, 'model__C': 1} -> Train Acc: 0.5026, Val Acc: 0.4749
{'pca__whiten': False, 'pca__n_components': 25, 'model__penalty': 'l2', 'model__max_iter': 10000, 'model__C': 0.1} -> Train Acc: 0.4743, Val Acc: 0.4510
{'pca__whiten': True, 'pca__n_components': 50, 'model__penalty': 'l1', 'model__max_iter': 10000, 'model__C': 1} -> Train Acc: 0.5006, Val Acc: 0.4617
{'pca__whiten': True, 'pca__n_components': 10, 'model__penalty': None, 'model__max_iter': 10000, 'model__C': 10} -> Train Acc: 0.4294, Val Acc: 0.4255
{'pca__whiten': False, 'pca__n_components': 10, 'model__penalty': None, 'model__max_iter': 5000, 'model__C': 0.1} -> Train Acc: 0.4287, Val Acc: 0.4261
{'pca__whiten': True, 'pca__n_components': 10, 'model__penalty': 'l2', 'model__max_iter': 5000, 'model__C': 1} -> Train Acc: 0.4292, Val Acc: 0.4255
{'pca__whiten': False, 'pca__n_components': 25, 'model__penalty': 'l2', 'model__max_iter': 1000, 'model__C': 0.1} -> Train Acc: 0.4751, Val Acc: 0.4520
{'pca__whiten': True, 'pca__n_components': 10, 'model__penalty': 'l2', 'model__max_iter': 1000, 'model__C': 1} -> Train Acc: 0.4293, Val Acc: 0.4255
{'pca__whiten': True, 'pca__n_components': 10, 'model__penalty': 'l1', 'model__max_iter': 5000, 'model__C': 0.1} -> Train Acc: 0.4275, Val Acc: 0.4241
{'pca__whiten': True, 'pca__n_components': 10, 'model__penalty': 'l2', 'model__max_iter': 5000, 'model__C': 0.1} -> Train Acc: 0.4290, Val Acc: 0.4256
{'pca__whiten': False, 'pca__n_components': 50, 'model__penalty': 'l2', 'model__max_iter': 5000, 'model__C': 10} -> Train Acc: 0.5019, Val Acc: 0.4725
{'pca__whiten': True, 'pca__n_components': 25, 'model__penalty': 'l2', 'model__max_iter': 10000, 'model__C': 1} -> Train Acc: 0.4746, Val Acc: 0.4532
{'pca__whiten': True, 'pca__n_components': 25, 'model__penalty': 'l1', 'model__max_iter': 10000, 'model__C': 1} -> Train Acc: 0.4733, Val Acc: 0.4578
{'pca__whiten': True, 'pca__n_components': 50, 'model__penalty': 'l2', 'model__max_iter': 1000, 'model__C': 0.1} -> Train Acc: 0.4988, Val Acc: 0.4621
Best params: {'pca__whiten': False, 'pca__n_components': 50, 'model__penalty': 'l1', 'model__max_iter': 10000, 'model__C': 1}
Validation accuracy: 0.474927484551203
Test accuracy: 0.5149462407531047
