/mnt/projects/rewardMap/STUDIES/reward_signature/.venv/lib64/python3.9/site-packages/sklearn/linear_model/_logistic.py:1207: UserWarning: Setting penalty=None will ignore the C and l1_ratio parameters
  warnings.warn(
/mnt/projects/rewardMap/STUDIES/reward_signature/.venv/lib64/python3.9/site-packages/sklearn/linear_model/_sag.py:348: ConvergenceWarning: The max_iter was reached which means the coef_ did not converge
  warnings.warn(
/mnt/projects/rewardMap/STUDIES/reward_signature/.venv/lib64/python3.9/site-packages/sklearn/linear_model/_logistic.py:1207: UserWarning: Setting penalty=None will ignore the C and l1_ratio parameters
  warnings.warn(
/mnt/projects/rewardMap/STUDIES/reward_signature/.venv/lib64/python3.9/site-packages/sklearn/linear_model/_sag.py:348: ConvergenceWarning: The max_iter was reached which means the coef_ did not converge
  warnings.warn(
/mnt/projects/rewardMap/STUDIES/reward_signature/.venv/lib64/python3.9/site-packages/sklearn/linear_model/_logistic.py:1207: UserWarning: Setting penalty=None will ignore the C and l1_ratio parameters
  warnings.warn(
/mnt/projects/rewardMap/STUDIES/reward_signature/.venv/lib64/python3.9/site-packages/sklearn/linear_model/_sag.py:348: ConvergenceWarning: The max_iter was reached which means the coef_ did not converge
  warnings.warn(
/mnt/projects/rewardMap/STUDIES/reward_signature/.venv/lib64/python3.9/site-packages/sklearn/linear_model/_logistic.py:1207: UserWarning: Setting penalty=None will ignore the C and l1_ratio parameters
  warnings.warn(
/mnt/projects/rewardMap/STUDIES/reward_signature/.venv/lib64/python3.9/site-packages/sklearn/linear_model/_sag.py:348: ConvergenceWarning: The max_iter was reached which means the coef_ did not converge
  warnings.warn(
/mnt/projects/rewardMap/STUDIES/reward_signature/.venv/lib64/python3.9/site-packages/sklearn/linear_model/_logistic.py:1207: UserWarning: Setting penalty=None will ignore the C and l1_ratio parameters
  warnings.warn(
/mnt/projects/rewardMap/STUDIES/reward_signature/.venv/lib64/python3.9/site-packages/sklearn/linear_model/_sag.py:348: ConvergenceWarning: The max_iter was reached which means the coef_ did not converge
  warnings.warn(
/mnt/projects/rewardMap/STUDIES/reward_signature/.venv/lib64/python3.9/site-packages/sklearn/linear_model/_logistic.py:1207: UserWarning: Setting penalty=None will ignore the C and l1_ratio parameters
  warnings.warn(
/mnt/projects/rewardMap/STUDIES/reward_signature/.venv/lib64/python3.9/site-packages/sklearn/linear_model/_logistic.py:1207: UserWarning: Setting penalty=None will ignore the C and l1_ratio parameters
  warnings.warn(
/mnt/projects/rewardMap/STUDIES/reward_signature/.venv/lib64/python3.9/site-packages/sklearn/linear_model/_logistic.py:1207: UserWarning: Setting penalty=None will ignore the C and l1_ratio parameters
  warnings.warn(
/mnt/projects/rewardMap/STUDIES/reward_signature/.venv/lib64/python3.9/site-packages/sklearn/linear_model/_logistic.py:1207: UserWarning: Setting penalty=None will ignore the C and l1_ratio parameters
  warnings.warn(
/mnt/projects/rewardMap/STUDIES/reward_signature/.venv/lib64/python3.9/site-packages/sklearn/linear_model/_logistic.py:1207: UserWarning: Setting penalty=None will ignore the C and l1_ratio parameters
  warnings.warn(
/mnt/projects/rewardMap/STUDIES/reward_signature/.venv/lib64/python3.9/site-packages/sklearn/linear_model/_sag.py:348: ConvergenceWarning: The max_iter was reached which means the coef_ did not converge
  warnings.warn(
/mnt/projects/rewardMap/STUDIES/reward_signature/.venv/lib64/python3.9/site-packages/sklearn/linear_model/_sag.py:348: ConvergenceWarning: The max_iter was reached which means the coef_ did not converge
  warnings.warn(
/mnt/projects/rewardMap/STUDIES/reward_signature/.venv/lib64/python3.9/site-packages/sklearn/linear_model/_sag.py:348: ConvergenceWarning: The max_iter was reached which means the coef_ did not converge
  warnings.warn(
/mnt/projects/rewardMap/STUDIES/reward_signature/.venv/lib64/python3.9/site-packages/sklearn/linear_model/_sag.py:348: ConvergenceWarning: The max_iter was reached which means the coef_ did not converge
  warnings.warn(
/mnt/projects/rewardMap/STUDIES/reward_signature/.venv/lib64/python3.9/site-packages/sklearn/linear_model/_sag.py:348: ConvergenceWarning: The max_iter was reached which means the coef_ did not converge
  warnings.warn(
/mnt/projects/rewardMap/STUDIES/reward_signature/.venv/lib64/python3.9/site-packages/sklearn/linear_model/_logistic.py:1207: UserWarning: Setting penalty=None will ignore the C and l1_ratio parameters
  warnings.warn(
/mnt/projects/rewardMap/STUDIES/reward_signature/.venv/lib64/python3.9/site-packages/sklearn/linear_model/_logistic.py:1207: UserWarning: Setting penalty=None will ignore the C and l1_ratio parameters
  warnings.warn(
/mnt/projects/rewardMap/STUDIES/reward_signature/.venv/lib64/python3.9/site-packages/sklearn/linear_model/_logistic.py:1207: UserWarning: Setting penalty=None will ignore the C and l1_ratio parameters
  warnings.warn(
/mnt/projects/rewardMap/STUDIES/reward_signature/.venv/lib64/python3.9/site-packages/sklearn/linear_model/_logistic.py:1207: UserWarning: Setting penalty=None will ignore the C and l1_ratio parameters
  warnings.warn(
/mnt/projects/rewardMap/STUDIES/reward_signature/.venv/lib64/python3.9/site-packages/sklearn/linear_model/_logistic.py:1207: UserWarning: Setting penalty=None will ignore the C and l1_ratio parameters
  warnings.warn(
/mnt/projects/rewardMap/STUDIES/reward_signature/.venv/lib64/python3.9/site-packages/sklearn/linear_model/_logistic.py:1207: UserWarning: Setting penalty=None will ignore the C and l1_ratio parameters
  warnings.warn(
/mnt/projects/rewardMap/STUDIES/reward_signature/.venv/lib64/python3.9/site-packages/sklearn/linear_model/_logistic.py:1207: UserWarning: Setting penalty=None will ignore the C and l1_ratio parameters
  warnings.warn(
/mnt/projects/rewardMap/STUDIES/reward_signature/.venv/lib64/python3.9/site-packages/sklearn/linear_model/_logistic.py:1207: UserWarning: Setting penalty=None will ignore the C and l1_ratio parameters
  warnings.warn(
/mnt/projects/rewardMap/STUDIES/reward_signature/.venv/lib64/python3.9/site-packages/sklearn/linear_model/_logistic.py:1207: UserWarning: Setting penalty=None will ignore the C and l1_ratio parameters
  warnings.warn(
/mnt/projects/rewardMap/STUDIES/reward_signature/.venv/lib64/python3.9/site-packages/sklearn/linear_model/_logistic.py:1207: UserWarning: Setting penalty=None will ignore the C and l1_ratio parameters
  warnings.warn(
/mnt/projects/rewardMap/STUDIES/reward_signature/.venv/lib64/python3.9/site-packages/sklearn/linear_model/_sag.py:348: ConvergenceWarning: The max_iter was reached which means the coef_ did not converge
  warnings.warn(
/mnt/projects/rewardMap/STUDIES/reward_signature/.venv/lib64/python3.9/site-packages/sklearn/linear_model/_sag.py:348: ConvergenceWarning: The max_iter was reached which means the coef_ did not converge
  warnings.warn(
/mnt/projects/rewardMap/STUDIES/reward_signature/.venv/lib64/python3.9/site-packages/sklearn/linear_model/_sag.py:348: ConvergenceWarning: The max_iter was reached which means the coef_ did not converge
  warnings.warn(
/mnt/projects/rewardMap/STUDIES/reward_signature/.venv/lib64/python3.9/site-packages/sklearn/linear_model/_sag.py:348: ConvergenceWarning: The max_iter was reached which means the coef_ did not converge
  warnings.warn(
/mnt/projects/rewardMap/STUDIES/reward_signature/.venv/lib64/python3.9/site-packages/sklearn/linear_model/_sag.py:348: ConvergenceWarning: The max_iter was reached which means the coef_ did not converge
  warnings.warn(
/mnt/projects/rewardMap/STUDIES/reward_signature/.venv/lib64/python3.9/site-packages/sklearn/linear_model/_sag.py:348: ConvergenceWarning: The max_iter was reached which means the coef_ did not converge
  warnings.warn(
Fitting 5 folds for each of 20 candidates, totalling 100 fits
[CV] END model__C=10, model__max_iter=10000, model__penalty=l2, pca__n_components=25, pca__whiten=True; total time= 2.3min
[CV] END model__C=10, model__max_iter=10000, model__penalty=l2, pca__n_components=25, pca__whiten=True; total time= 2.3min
[CV] END model__C=10, model__max_iter=10000, model__penalty=l2, pca__n_components=25, pca__whiten=True; total time= 2.4min
[CV] END model__C=10, model__max_iter=10000, model__penalty=l2, pca__n_components=25, pca__whiten=True; total time= 2.4min
[CV] END model__C=10, model__max_iter=10000, model__penalty=l2, pca__n_components=25, pca__whiten=True; total time= 2.4min
[CV] END model__C=10, model__max_iter=1000, model__penalty=None, pca__n_components=10, pca__whiten=False; total time= 2.2min
[CV] END model__C=10, model__max_iter=1000, model__penalty=None, pca__n_components=10, pca__whiten=False; total time= 2.2min
[CV] END model__C=10, model__max_iter=1000, model__penalty=None, pca__n_components=10, pca__whiten=False; total time= 2.2min
[CV] END model__C=10, model__max_iter=1000, model__penalty=None, pca__n_components=10, pca__whiten=False; total time= 2.2min
[CV] END model__C=10, model__max_iter=1000, model__penalty=None, pca__n_components=10, pca__whiten=False; total time= 2.2min
[CV] END model__C=10, model__max_iter=5000, model__penalty=None, pca__n_components=50, pca__whiten=False; total time= 2.9min
[CV] END model__C=10, model__max_iter=5000, model__penalty=None, pca__n_components=50, pca__whiten=False; total time= 2.9min
[CV] END model__C=10, model__max_iter=5000, model__penalty=None, pca__n_components=50, pca__whiten=False; total time= 3.0min
[CV] END model__C=10, model__max_iter=5000, model__penalty=None, pca__n_components=50, pca__whiten=False; total time= 2.9min
[CV] END model__C=10, model__max_iter=5000, model__penalty=None, pca__n_components=50, pca__whiten=False; total time= 2.9min
[CV] END model__C=1, model__max_iter=1000, model__penalty=None, pca__n_components=10, pca__whiten=False; total time= 2.2min
[CV] END model__C=1, model__max_iter=1000, model__penalty=None, pca__n_components=10, pca__whiten=False; total time= 2.2min
[CV] END model__C=1, model__max_iter=1000, model__penalty=None, pca__n_components=10, pca__whiten=False; total time= 2.2min
[CV] END model__C=1, model__max_iter=1000, model__penalty=None, pca__n_components=10, pca__whiten=False; total time= 2.2min
[CV] END model__C=1, model__max_iter=1000, model__penalty=None, pca__n_components=10, pca__whiten=False; total time= 2.2min
[CV] END model__C=1, model__max_iter=10000, model__penalty=None, pca__n_components=50, pca__whiten=True; total time= 2.6min
[CV] END model__C=1, model__max_iter=10000, model__penalty=None, pca__n_components=50, pca__whiten=True; total time= 2.6min
[CV] END model__C=1, model__max_iter=10000, model__penalty=None, pca__n_components=50, pca__whiten=True; total time= 2.6min
[CV] END model__C=1, model__max_iter=10000, model__penalty=None, pca__n_components=50, pca__whiten=True; total time= 2.6min
[CV] END model__C=1, model__max_iter=10000, model__penalty=None, pca__n_components=50, pca__whiten=True; total time= 2.6min
[CV] END model__C=0.1, model__max_iter=5000, model__penalty=l1, pca__n_components=50, pca__whiten=False; total time= 3.1min
[CV] END model__C=0.1, model__max_iter=5000, model__penalty=l1, pca__n_components=50, pca__whiten=False; total time= 3.1min
[CV] END model__C=0.1, model__max_iter=5000, model__penalty=l1, pca__n_components=50, pca__whiten=False; total time= 3.0min
[CV] END model__C=0.1, model__max_iter=5000, model__penalty=l1, pca__n_components=50, pca__whiten=False; total time= 3.0min
[CV] END model__C=0.1, model__max_iter=5000, model__penalty=l1, pca__n_components=50, pca__whiten=False; total time= 3.1min
[CV] END model__C=1, model__max_iter=10000, model__penalty=l1, pca__n_components=50, pca__whiten=False; total time= 3.1min
[CV] END model__C=1, model__max_iter=10000, model__penalty=l1, pca__n_components=50, pca__whiten=False; total time= 3.0min
[CV] END model__C=1, model__max_iter=10000, model__penalty=l1, pca__n_components=50, pca__whiten=False; total time= 3.1min
[CV] END model__C=1, model__max_iter=10000, model__penalty=l1, pca__n_components=50, pca__whiten=False; total time= 3.0min
[CV] END model__C=1, model__max_iter=10000, model__penalty=l1, pca__n_components=50, pca__whiten=False; total time= 3.1min
[CV] END model__C=0.1, model__max_iter=10000, model__penalty=l2, pca__n_components=25, pca__whiten=False; total time= 2.5min
[CV] END model__C=0.1, model__max_iter=10000, model__penalty=l2, pca__n_components=25, pca__whiten=False; total time= 2.5min
[CV] END model__C=0.1, model__max_iter=10000, model__penalty=l2, pca__n_components=25, pca__whiten=False; total time= 2.5min
[CV] END model__C=0.1, model__max_iter=10000, model__penalty=l2, pca__n_components=25, pca__whiten=False; total time= 2.6min
[CV] END model__C=0.1, model__max_iter=10000, model__penalty=l2, pca__n_components=25, pca__whiten=False; total time= 2.5min
[CV] END model__C=1, model__max_iter=10000, model__penalty=l1, pca__n_components=50, pca__whiten=True; total time= 2.9min
[CV] END model__C=1, model__max_iter=10000, model__penalty=l1, pca__n_components=50, pca__whiten=True; total time= 2.8min
[CV] END model__C=1, model__max_iter=10000, model__penalty=l1, pca__n_components=50, pca__whiten=True; total time= 3.0min
[CV] END model__C=1, model__max_iter=10000, model__penalty=l1, pca__n_components=50, pca__whiten=True; total time= 2.9min
[CV] END model__C=1, model__max_iter=10000, model__penalty=l1, pca__n_components=50, pca__whiten=True; total time= 2.8min
[CV] END model__C=10, model__max_iter=10000, model__penalty=None, pca__n_components=10, pca__whiten=True; total time= 2.1min
[CV] END model__C=10, model__max_iter=10000, model__penalty=None, pca__n_components=10, pca__whiten=True; total time= 2.2min
[CV] END model__C=10, model__max_iter=10000, model__penalty=None, pca__n_components=10, pca__whiten=True; total time= 2.2min
[CV] END model__C=10, model__max_iter=10000, model__penalty=None, pca__n_components=10, pca__whiten=True; total time= 2.1min
[CV] END model__C=10, model__max_iter=10000, model__penalty=None, pca__n_components=10, pca__whiten=True; total time= 2.2min
[CV] END model__C=0.1, model__max_iter=5000, model__penalty=None, pca__n_components=10, pca__whiten=False; total time= 2.2min
[CV] END model__C=0.1, model__max_iter=5000, model__penalty=None, pca__n_components=10, pca__whiten=False; total time= 2.3min
[CV] END model__C=0.1, model__max_iter=5000, model__penalty=None, pca__n_components=10, pca__whiten=False; total time= 2.2min
[CV] END model__C=0.1, model__max_iter=5000, model__penalty=None, pca__n_components=10, pca__whiten=False; total time= 2.3min
[CV] END model__C=0.1, model__max_iter=5000, model__penalty=None, pca__n_components=10, pca__whiten=False; total time= 2.3min
[CV] END model__C=1, model__max_iter=5000, model__penalty=l2, pca__n_components=10, pca__whiten=True; total time= 2.2min
[CV] END model__C=1, model__max_iter=5000, model__penalty=l2, pca__n_components=10, pca__whiten=True; total time= 2.2min
[CV] END model__C=1, model__max_iter=5000, model__penalty=l2, pca__n_components=10, pca__whiten=True; total time= 2.2min
[CV] END model__C=1, model__max_iter=5000, model__penalty=l2, pca__n_components=10, pca__whiten=True; total time= 2.1min
[CV] END model__C=1, model__max_iter=5000, model__penalty=l2, pca__n_components=10, pca__whiten=True; total time= 2.2min
[CV] END model__C=0.1, model__max_iter=1000, model__penalty=l2, pca__n_components=25, pca__whiten=False; total time= 2.4min
[CV] END model__C=0.1, model__max_iter=1000, model__penalty=l2, pca__n_components=25, pca__whiten=False; total time= 2.4min
[CV] END model__C=0.1, model__max_iter=1000, model__penalty=l2, pca__n_components=25, pca__whiten=False; total time= 2.4min
[CV] END model__C=0.1, model__max_iter=1000, model__penalty=l2, pca__n_components=25, pca__whiten=False; total time= 2.4min
[CV] END model__C=0.1, model__max_iter=1000, model__penalty=l2, pca__n_components=25, pca__whiten=False; total time= 2.4min
[CV] END model__C=1, model__max_iter=1000, model__penalty=l2, pca__n_components=10, pca__whiten=True; total time= 2.2min
[CV] END model__C=1, model__max_iter=1000, model__penalty=l2, pca__n_components=10, pca__whiten=True; total time= 2.2min
[CV] END model__C=1, model__max_iter=1000, model__penalty=l2, pca__n_components=10, pca__whiten=True; total time= 2.2min
[CV] END model__C=1, model__max_iter=1000, model__penalty=l2, pca__n_components=10, pca__whiten=True; total time= 2.1min
[CV] END model__C=1, model__max_iter=1000, model__penalty=l2, pca__n_components=10, pca__whiten=True; total time= 2.2min
[CV] END model__C=0.1, model__max_iter=5000, model__penalty=l1, pca__n_components=10, pca__whiten=True; total time= 2.2min
[CV] END model__C=0.1, model__max_iter=5000, model__penalty=l1, pca__n_components=10, pca__whiten=True; total time= 2.2min
[CV] END model__C=0.1, model__max_iter=5000, model__penalty=l1, pca__n_components=10, pca__whiten=True; total time= 2.2min
[CV] END model__C=0.1, model__max_iter=5000, model__penalty=l1, pca__n_components=10, pca__whiten=True; total time= 2.2min
[CV] END model__C=0.1, model__max_iter=5000, model__penalty=l1, pca__n_components=10, pca__whiten=True; total time= 2.2min
[CV] END model__C=0.1, model__max_iter=5000, model__penalty=l2, pca__n_components=10, pca__whiten=True; total time= 2.1min
[CV] END model__C=0.1, model__max_iter=5000, model__penalty=l2, pca__n_components=10, pca__whiten=True; total time= 2.2min
[CV] END model__C=0.1, model__max_iter=5000, model__penalty=l2, pca__n_components=10, pca__whiten=True; total time= 2.2min
[CV] END model__C=0.1, model__max_iter=5000, model__penalty=l2, pca__n_components=10, pca__whiten=True; total time= 2.1min
[CV] END model__C=0.1, model__max_iter=5000, model__penalty=l2, pca__n_components=10, pca__whiten=True; total time= 2.2min
[CV] END model__C=10, model__max_iter=5000, model__penalty=l2, pca__n_components=50, pca__whiten=False; total time= 2.9min
[CV] END model__C=10, model__max_iter=5000, model__penalty=l2, pca__n_components=50, pca__whiten=False; total time= 2.9min
[CV] END model__C=10, model__max_iter=5000, model__penalty=l2, pca__n_components=50, pca__whiten=False; total time= 3.0min
[CV] END model__C=10, model__max_iter=5000, model__penalty=l2, pca__n_components=50, pca__whiten=False; total time= 2.9min
[CV] END model__C=10, model__max_iter=5000, model__penalty=l2, pca__n_components=50, pca__whiten=False; total time= 3.0min
[CV] END model__C=1, model__max_iter=10000, model__penalty=l2, pca__n_components=25, pca__whiten=True; total time= 2.3min
[CV] END model__C=1, model__max_iter=10000, model__penalty=l2, pca__n_components=25, pca__whiten=True; total time= 2.3min
[CV] END model__C=1, model__max_iter=10000, model__penalty=l2, pca__n_components=25, pca__whiten=True; total time= 2.3min
[CV] END model__C=1, model__max_iter=10000, model__penalty=l2, pca__n_components=25, pca__whiten=True; total time= 2.4min
[CV] END model__C=1, model__max_iter=10000, model__penalty=l2, pca__n_components=25, pca__whiten=True; total time= 2.3min
[CV] END model__C=1, model__max_iter=10000, model__penalty=l1, pca__n_components=25, pca__whiten=True; total time= 2.5min
[CV] END model__C=1, model__max_iter=10000, model__penalty=l1, pca__n_components=25, pca__whiten=True; total time= 2.5min
[CV] END model__C=1, model__max_iter=10000, model__penalty=l1, pca__n_components=25, pca__whiten=True; total time= 2.6min
[CV] END model__C=1, model__max_iter=10000, model__penalty=l1, pca__n_components=25, pca__whiten=True; total time= 2.5min
[CV] END model__C=1, model__max_iter=10000, model__penalty=l1, pca__n_components=25, pca__whiten=True; total time= 2.5min
[CV] END model__C=0.1, model__max_iter=1000, model__penalty=l2, pca__n_components=50, pca__whiten=True; total time= 2.6min
[CV] END model__C=0.1, model__max_iter=1000, model__penalty=l2, pca__n_components=50, pca__whiten=True; total time= 2.6min
[CV] END model__C=0.1, model__max_iter=1000, model__penalty=l2, pca__n_components=50, pca__whiten=True; total time= 2.6min
[CV] END model__C=0.1, model__max_iter=1000, model__penalty=l2, pca__n_components=50, pca__whiten=True; total time= 2.5min
[CV] END model__C=0.1, model__max_iter=1000, model__penalty=l2, pca__n_components=50, pca__whiten=True; total time= 2.6min
{'pca__whiten': True, 'pca__n_components': 25, 'model__penalty': 'l2', 'model__max_iter': 10000, 'model__C': 10} -> Train Acc: 0.3730, Val Acc: 0.3522
{'pca__whiten': False, 'pca__n_components': 10, 'model__penalty': None, 'model__max_iter': 1000, 'model__C': 10} -> Train Acc: 0.3944, Val Acc: 0.3831
{'pca__whiten': False, 'pca__n_components': 50, 'model__penalty': None, 'model__max_iter': 5000, 'model__C': 10} -> Train Acc: 0.4535, Val Acc: 0.3920
{'pca__whiten': False, 'pca__n_components': 10, 'model__penalty': None, 'model__max_iter': 1000, 'model__C': 1} -> Train Acc: 0.3943, Val Acc: 0.3830
{'pca__whiten': True, 'pca__n_components': 50, 'model__penalty': None, 'model__max_iter': 10000, 'model__C': 1} -> Train Acc: 0.4018, Val Acc: 0.3556
{'pca__whiten': False, 'pca__n_components': 50, 'model__penalty': 'l1', 'model__max_iter': 5000, 'model__C': 0.1} -> Train Acc: 0.4547, Val Acc: 0.3887
{'pca__whiten': False, 'pca__n_components': 50, 'model__penalty': 'l1', 'model__max_iter': 10000, 'model__C': 1} -> Train Acc: 0.4528, Val Acc: 0.3953
{'pca__whiten': False, 'pca__n_components': 25, 'model__penalty': 'l2', 'model__max_iter': 10000, 'model__C': 0.1} -> Train Acc: 0.4217, Val Acc: 0.4015
{'pca__whiten': True, 'pca__n_components': 50, 'model__penalty': 'l1', 'model__max_iter': 10000, 'model__C': 1} -> Train Acc: 0.4021, Val Acc: 0.3515
{'pca__whiten': True, 'pca__n_components': 10, 'model__penalty': None, 'model__max_iter': 10000, 'model__C': 10} -> Train Acc: 0.3456, Val Acc: 0.3426
{'pca__whiten': False, 'pca__n_components': 10, 'model__penalty': None, 'model__max_iter': 5000, 'model__C': 0.1} -> Train Acc: 0.3877, Val Acc: 0.3733
{'pca__whiten': True, 'pca__n_components': 10, 'model__penalty': 'l2', 'model__max_iter': 5000, 'model__C': 1} -> Train Acc: 0.3453, Val Acc: 0.3421
{'pca__whiten': False, 'pca__n_components': 25, 'model__penalty': 'l2', 'model__max_iter': 1000, 'model__C': 0.1} -> Train Acc: 0.4252, Val Acc: 0.4089
{'pca__whiten': True, 'pca__n_components': 10, 'model__penalty': 'l2', 'model__max_iter': 1000, 'model__C': 1} -> Train Acc: 0.3455, Val Acc: 0.3424
{'pca__whiten': True, 'pca__n_components': 10, 'model__penalty': 'l1', 'model__max_iter': 5000, 'model__C': 0.1} -> Train Acc: 0.3435, Val Acc: 0.3431
{'pca__whiten': True, 'pca__n_components': 10, 'model__penalty': 'l2', 'model__max_iter': 5000, 'model__C': 0.1} -> Train Acc: 0.3453, Val Acc: 0.3426
{'pca__whiten': False, 'pca__n_components': 50, 'model__penalty': 'l2', 'model__max_iter': 5000, 'model__C': 10} -> Train Acc: 0.4544, Val Acc: 0.3869
{'pca__whiten': True, 'pca__n_components': 25, 'model__penalty': 'l2', 'model__max_iter': 10000, 'model__C': 1} -> Train Acc: 0.3719, Val Acc: 0.3524
{'pca__whiten': True, 'pca__n_components': 25, 'model__penalty': 'l1', 'model__max_iter': 10000, 'model__C': 1} -> Train Acc: 0.3729, Val Acc: 0.3506
{'pca__whiten': True, 'pca__n_components': 50, 'model__penalty': 'l2', 'model__max_iter': 1000, 'model__C': 0.1} -> Train Acc: 0.4025, Val Acc: 0.3516
Best params: {'pca__whiten': False, 'pca__n_components': 25, 'model__penalty': 'l2', 'model__max_iter': 1000, 'model__C': 0.1}
Validation accuracy: 0.40892301890593963
Test accuracy: 0.37803948341582755
