/mnt/projects/rewardMap/STUDIES/reward_signature/.venv/lib64/python3.9/site-packages/sklearn/linear_model/_logistic.py:1207: UserWarning: Setting penalty=None will ignore the C and l1_ratio parameters
  warnings.warn(
/mnt/projects/rewardMap/STUDIES/reward_signature/.venv/lib64/python3.9/site-packages/sklearn/linear_model/_sag.py:348: ConvergenceWarning: The max_iter was reached which means the coef_ did not converge
  warnings.warn(
/mnt/projects/rewardMap/STUDIES/reward_signature/.venv/lib64/python3.9/site-packages/sklearn/linear_model/_logistic.py:1207: UserWarning: Setting penalty=None will ignore the C and l1_ratio parameters
  warnings.warn(
/mnt/projects/rewardMap/STUDIES/reward_signature/.venv/lib64/python3.9/site-packages/sklearn/linear_model/_sag.py:348: ConvergenceWarning: The max_iter was reached which means the coef_ did not converge
  warnings.warn(
/mnt/projects/rewardMap/STUDIES/reward_signature/.venv/lib64/python3.9/site-packages/sklearn/linear_model/_logistic.py:1207: UserWarning: Setting penalty=None will ignore the C and l1_ratio parameters
  warnings.warn(
/mnt/projects/rewardMap/STUDIES/reward_signature/.venv/lib64/python3.9/site-packages/sklearn/linear_model/_sag.py:348: ConvergenceWarning: The max_iter was reached which means the coef_ did not converge
  warnings.warn(
/mnt/projects/rewardMap/STUDIES/reward_signature/.venv/lib64/python3.9/site-packages/sklearn/linear_model/_logistic.py:1207: UserWarning: Setting penalty=None will ignore the C and l1_ratio parameters
  warnings.warn(
/mnt/projects/rewardMap/STUDIES/reward_signature/.venv/lib64/python3.9/site-packages/sklearn/linear_model/_sag.py:348: ConvergenceWarning: The max_iter was reached which means the coef_ did not converge
  warnings.warn(
/mnt/projects/rewardMap/STUDIES/reward_signature/.venv/lib64/python3.9/site-packages/sklearn/linear_model/_logistic.py:1207: UserWarning: Setting penalty=None will ignore the C and l1_ratio parameters
  warnings.warn(
/mnt/projects/rewardMap/STUDIES/reward_signature/.venv/lib64/python3.9/site-packages/sklearn/linear_model/_sag.py:348: ConvergenceWarning: The max_iter was reached which means the coef_ did not converge
  warnings.warn(
/mnt/projects/rewardMap/STUDIES/reward_signature/.venv/lib64/python3.9/site-packages/sklearn/linear_model/_logistic.py:1207: UserWarning: Setting penalty=None will ignore the C and l1_ratio parameters
  warnings.warn(
/mnt/projects/rewardMap/STUDIES/reward_signature/.venv/lib64/python3.9/site-packages/sklearn/linear_model/_logistic.py:1207: UserWarning: Setting penalty=None will ignore the C and l1_ratio parameters
  warnings.warn(
/mnt/projects/rewardMap/STUDIES/reward_signature/.venv/lib64/python3.9/site-packages/sklearn/linear_model/_logistic.py:1207: UserWarning: Setting penalty=None will ignore the C and l1_ratio parameters
  warnings.warn(
/mnt/projects/rewardMap/STUDIES/reward_signature/.venv/lib64/python3.9/site-packages/sklearn/linear_model/_logistic.py:1207: UserWarning: Setting penalty=None will ignore the C and l1_ratio parameters
  warnings.warn(
/mnt/projects/rewardMap/STUDIES/reward_signature/.venv/lib64/python3.9/site-packages/sklearn/linear_model/_logistic.py:1207: UserWarning: Setting penalty=None will ignore the C and l1_ratio parameters
  warnings.warn(
/mnt/projects/rewardMap/STUDIES/reward_signature/.venv/lib64/python3.9/site-packages/sklearn/linear_model/_sag.py:348: ConvergenceWarning: The max_iter was reached which means the coef_ did not converge
  warnings.warn(
/mnt/projects/rewardMap/STUDIES/reward_signature/.venv/lib64/python3.9/site-packages/sklearn/linear_model/_sag.py:348: ConvergenceWarning: The max_iter was reached which means the coef_ did not converge
  warnings.warn(
/mnt/projects/rewardMap/STUDIES/reward_signature/.venv/lib64/python3.9/site-packages/sklearn/linear_model/_sag.py:348: ConvergenceWarning: The max_iter was reached which means the coef_ did not converge
  warnings.warn(
/mnt/projects/rewardMap/STUDIES/reward_signature/.venv/lib64/python3.9/site-packages/sklearn/linear_model/_sag.py:348: ConvergenceWarning: The max_iter was reached which means the coef_ did not converge
  warnings.warn(
/mnt/projects/rewardMap/STUDIES/reward_signature/.venv/lib64/python3.9/site-packages/sklearn/linear_model/_sag.py:348: ConvergenceWarning: The max_iter was reached which means the coef_ did not converge
  warnings.warn(
/mnt/projects/rewardMap/STUDIES/reward_signature/.venv/lib64/python3.9/site-packages/sklearn/linear_model/_logistic.py:1207: UserWarning: Setting penalty=None will ignore the C and l1_ratio parameters
  warnings.warn(
/mnt/projects/rewardMap/STUDIES/reward_signature/.venv/lib64/python3.9/site-packages/sklearn/linear_model/_logistic.py:1207: UserWarning: Setting penalty=None will ignore the C and l1_ratio parameters
  warnings.warn(
/mnt/projects/rewardMap/STUDIES/reward_signature/.venv/lib64/python3.9/site-packages/sklearn/linear_model/_logistic.py:1207: UserWarning: Setting penalty=None will ignore the C and l1_ratio parameters
  warnings.warn(
/mnt/projects/rewardMap/STUDIES/reward_signature/.venv/lib64/python3.9/site-packages/sklearn/linear_model/_logistic.py:1207: UserWarning: Setting penalty=None will ignore the C and l1_ratio parameters
  warnings.warn(
/mnt/projects/rewardMap/STUDIES/reward_signature/.venv/lib64/python3.9/site-packages/sklearn/linear_model/_logistic.py:1207: UserWarning: Setting penalty=None will ignore the C and l1_ratio parameters
  warnings.warn(
/mnt/projects/rewardMap/STUDIES/reward_signature/.venv/lib64/python3.9/site-packages/sklearn/linear_model/_logistic.py:1207: UserWarning: Setting penalty=None will ignore the C and l1_ratio parameters
  warnings.warn(
/mnt/projects/rewardMap/STUDIES/reward_signature/.venv/lib64/python3.9/site-packages/sklearn/linear_model/_logistic.py:1207: UserWarning: Setting penalty=None will ignore the C and l1_ratio parameters
  warnings.warn(
/mnt/projects/rewardMap/STUDIES/reward_signature/.venv/lib64/python3.9/site-packages/sklearn/linear_model/_logistic.py:1207: UserWarning: Setting penalty=None will ignore the C and l1_ratio parameters
  warnings.warn(
/mnt/projects/rewardMap/STUDIES/reward_signature/.venv/lib64/python3.9/site-packages/sklearn/linear_model/_logistic.py:1207: UserWarning: Setting penalty=None will ignore the C and l1_ratio parameters
  warnings.warn(
/mnt/projects/rewardMap/STUDIES/reward_signature/.venv/lib64/python3.9/site-packages/sklearn/linear_model/_logistic.py:1207: UserWarning: Setting penalty=None will ignore the C and l1_ratio parameters
  warnings.warn(
/mnt/projects/rewardMap/STUDIES/reward_signature/.venv/lib64/python3.9/site-packages/sklearn/linear_model/_sag.py:348: ConvergenceWarning: The max_iter was reached which means the coef_ did not converge
  warnings.warn(
/mnt/projects/rewardMap/STUDIES/reward_signature/.venv/lib64/python3.9/site-packages/sklearn/linear_model/_sag.py:348: ConvergenceWarning: The max_iter was reached which means the coef_ did not converge
  warnings.warn(
/mnt/projects/rewardMap/STUDIES/reward_signature/.venv/lib64/python3.9/site-packages/sklearn/linear_model/_sag.py:348: ConvergenceWarning: The max_iter was reached which means the coef_ did not converge
  warnings.warn(
/mnt/projects/rewardMap/STUDIES/reward_signature/.venv/lib64/python3.9/site-packages/sklearn/linear_model/_sag.py:348: ConvergenceWarning: The max_iter was reached which means the coef_ did not converge
  warnings.warn(
/mnt/projects/rewardMap/STUDIES/reward_signature/.venv/lib64/python3.9/site-packages/sklearn/linear_model/_sag.py:348: ConvergenceWarning: The max_iter was reached which means the coef_ did not converge
  warnings.warn(
Fitting 5 folds for each of 20 candidates, totalling 100 fits
[CV] END model__C=10, model__max_iter=10000, model__penalty=l2, pca__n_components=25, pca__whiten=True; total time= 2.1min
[CV] END model__C=10, model__max_iter=10000, model__penalty=l2, pca__n_components=25, pca__whiten=True; total time= 2.1min
[CV] END model__C=10, model__max_iter=10000, model__penalty=l2, pca__n_components=25, pca__whiten=True; total time= 2.1min
[CV] END model__C=10, model__max_iter=10000, model__penalty=l2, pca__n_components=25, pca__whiten=True; total time= 2.1min
[CV] END model__C=10, model__max_iter=10000, model__penalty=l2, pca__n_components=25, pca__whiten=True; total time= 2.1min
[CV] END model__C=10, model__max_iter=1000, model__penalty=None, pca__n_components=10, pca__whiten=False; total time= 2.0min
[CV] END model__C=10, model__max_iter=1000, model__penalty=None, pca__n_components=10, pca__whiten=False; total time= 2.0min
[CV] END model__C=10, model__max_iter=1000, model__penalty=None, pca__n_components=10, pca__whiten=False; total time= 2.0min
[CV] END model__C=10, model__max_iter=1000, model__penalty=None, pca__n_components=10, pca__whiten=False; total time= 2.0min
[CV] END model__C=10, model__max_iter=1000, model__penalty=None, pca__n_components=10, pca__whiten=False; total time= 2.0min
[CV] END model__C=10, model__max_iter=5000, model__penalty=None, pca__n_components=50, pca__whiten=False; total time= 2.4min
[CV] END model__C=10, model__max_iter=5000, model__penalty=None, pca__n_components=50, pca__whiten=False; total time= 2.4min
[CV] END model__C=10, model__max_iter=5000, model__penalty=None, pca__n_components=50, pca__whiten=False; total time= 2.4min
[CV] END model__C=10, model__max_iter=5000, model__penalty=None, pca__n_components=50, pca__whiten=False; total time= 2.5min
[CV] END model__C=10, model__max_iter=5000, model__penalty=None, pca__n_components=50, pca__whiten=False; total time= 2.4min
[CV] END model__C=1, model__max_iter=1000, model__penalty=None, pca__n_components=10, pca__whiten=False; total time= 2.0min
[CV] END model__C=1, model__max_iter=1000, model__penalty=None, pca__n_components=10, pca__whiten=False; total time= 2.0min
[CV] END model__C=1, model__max_iter=1000, model__penalty=None, pca__n_components=10, pca__whiten=False; total time= 2.0min
[CV] END model__C=1, model__max_iter=1000, model__penalty=None, pca__n_components=10, pca__whiten=False; total time= 2.0min
[CV] END model__C=1, model__max_iter=1000, model__penalty=None, pca__n_components=10, pca__whiten=False; total time= 2.0min
[CV] END model__C=1, model__max_iter=10000, model__penalty=None, pca__n_components=50, pca__whiten=True; total time= 2.3min
[CV] END model__C=1, model__max_iter=10000, model__penalty=None, pca__n_components=50, pca__whiten=True; total time= 2.3min
[CV] END model__C=1, model__max_iter=10000, model__penalty=None, pca__n_components=50, pca__whiten=True; total time= 2.3min
[CV] END model__C=1, model__max_iter=10000, model__penalty=None, pca__n_components=50, pca__whiten=True; total time= 2.3min
[CV] END model__C=1, model__max_iter=10000, model__penalty=None, pca__n_components=50, pca__whiten=True; total time= 2.3min
[CV] END model__C=0.1, model__max_iter=5000, model__penalty=l1, pca__n_components=50, pca__whiten=False; total time= 2.5min
[CV] END model__C=0.1, model__max_iter=5000, model__penalty=l1, pca__n_components=50, pca__whiten=False; total time= 2.5min
[CV] END model__C=0.1, model__max_iter=5000, model__penalty=l1, pca__n_components=50, pca__whiten=False; total time= 2.5min
[CV] END model__C=0.1, model__max_iter=5000, model__penalty=l1, pca__n_components=50, pca__whiten=False; total time= 2.5min
[CV] END model__C=0.1, model__max_iter=5000, model__penalty=l1, pca__n_components=50, pca__whiten=False; total time= 2.5min
[CV] END model__C=1, model__max_iter=10000, model__penalty=l1, pca__n_components=50, pca__whiten=False; total time= 2.5min
[CV] END model__C=1, model__max_iter=10000, model__penalty=l1, pca__n_components=50, pca__whiten=False; total time= 2.5min
[CV] END model__C=1, model__max_iter=10000, model__penalty=l1, pca__n_components=50, pca__whiten=False; total time= 2.5min
[CV] END model__C=1, model__max_iter=10000, model__penalty=l1, pca__n_components=50, pca__whiten=False; total time= 2.5min
[CV] END model__C=1, model__max_iter=10000, model__penalty=l1, pca__n_components=50, pca__whiten=False; total time= 2.5min
[CV] END model__C=0.1, model__max_iter=10000, model__penalty=l2, pca__n_components=25, pca__whiten=False; total time= 2.2min
[CV] END model__C=0.1, model__max_iter=10000, model__penalty=l2, pca__n_components=25, pca__whiten=False; total time= 2.2min
[CV] END model__C=0.1, model__max_iter=10000, model__penalty=l2, pca__n_components=25, pca__whiten=False; total time= 2.2min
[CV] END model__C=0.1, model__max_iter=10000, model__penalty=l2, pca__n_components=25, pca__whiten=False; total time= 2.2min
[CV] END model__C=0.1, model__max_iter=10000, model__penalty=l2, pca__n_components=25, pca__whiten=False; total time= 2.2min
[CV] END model__C=1, model__max_iter=10000, model__penalty=l1, pca__n_components=50, pca__whiten=True; total time= 2.3min
[CV] END model__C=1, model__max_iter=10000, model__penalty=l1, pca__n_components=50, pca__whiten=True; total time= 2.3min
[CV] END model__C=1, model__max_iter=10000, model__penalty=l1, pca__n_components=50, pca__whiten=True; total time= 2.3min
[CV] END model__C=1, model__max_iter=10000, model__penalty=l1, pca__n_components=50, pca__whiten=True; total time= 2.3min
[CV] END model__C=1, model__max_iter=10000, model__penalty=l1, pca__n_components=50, pca__whiten=True; total time= 2.3min
[CV] END model__C=10, model__max_iter=10000, model__penalty=None, pca__n_components=10, pca__whiten=True; total time= 1.9min
[CV] END model__C=10, model__max_iter=10000, model__penalty=None, pca__n_components=10, pca__whiten=True; total time= 1.9min
[CV] END model__C=10, model__max_iter=10000, model__penalty=None, pca__n_components=10, pca__whiten=True; total time= 1.9min
[CV] END model__C=10, model__max_iter=10000, model__penalty=None, pca__n_components=10, pca__whiten=True; total time= 1.9min
[CV] END model__C=10, model__max_iter=10000, model__penalty=None, pca__n_components=10, pca__whiten=True; total time= 1.9min
[CV] END model__C=0.1, model__max_iter=5000, model__penalty=None, pca__n_components=10, pca__whiten=False; total time= 2.0min
[CV] END model__C=0.1, model__max_iter=5000, model__penalty=None, pca__n_components=10, pca__whiten=False; total time= 2.0min
[CV] END model__C=0.1, model__max_iter=5000, model__penalty=None, pca__n_components=10, pca__whiten=False; total time= 2.0min
[CV] END model__C=0.1, model__max_iter=5000, model__penalty=None, pca__n_components=10, pca__whiten=False; total time= 2.0min
[CV] END model__C=0.1, model__max_iter=5000, model__penalty=None, pca__n_components=10, pca__whiten=False; total time= 2.0min
[CV] END model__C=1, model__max_iter=5000, model__penalty=l2, pca__n_components=10, pca__whiten=True; total time= 1.9min
[CV] END model__C=1, model__max_iter=5000, model__penalty=l2, pca__n_components=10, pca__whiten=True; total time= 1.9min
[CV] END model__C=1, model__max_iter=5000, model__penalty=l2, pca__n_components=10, pca__whiten=True; total time= 1.9min
[CV] END model__C=1, model__max_iter=5000, model__penalty=l2, pca__n_components=10, pca__whiten=True; total time= 1.9min
[CV] END model__C=1, model__max_iter=5000, model__penalty=l2, pca__n_components=10, pca__whiten=True; total time= 1.9min
[CV] END model__C=0.1, model__max_iter=1000, model__penalty=l2, pca__n_components=25, pca__whiten=False; total time= 2.2min
[CV] END model__C=0.1, model__max_iter=1000, model__penalty=l2, pca__n_components=25, pca__whiten=False; total time= 2.2min
[CV] END model__C=0.1, model__max_iter=1000, model__penalty=l2, pca__n_components=25, pca__whiten=False; total time= 2.2min
[CV] END model__C=0.1, model__max_iter=1000, model__penalty=l2, pca__n_components=25, pca__whiten=False; total time= 2.2min
[CV] END model__C=0.1, model__max_iter=1000, model__penalty=l2, pca__n_components=25, pca__whiten=False; total time= 2.2min
[CV] END model__C=1, model__max_iter=1000, model__penalty=l2, pca__n_components=10, pca__whiten=True; total time= 1.9min
[CV] END model__C=1, model__max_iter=1000, model__penalty=l2, pca__n_components=10, pca__whiten=True; total time= 1.9min
[CV] END model__C=1, model__max_iter=1000, model__penalty=l2, pca__n_components=10, pca__whiten=True; total time= 1.9min
[CV] END model__C=1, model__max_iter=1000, model__penalty=l2, pca__n_components=10, pca__whiten=True; total time= 1.9min
[CV] END model__C=1, model__max_iter=1000, model__penalty=l2, pca__n_components=10, pca__whiten=True; total time= 1.9min
[CV] END model__C=0.1, model__max_iter=5000, model__penalty=l1, pca__n_components=10, pca__whiten=True; total time= 1.9min
[CV] END model__C=0.1, model__max_iter=5000, model__penalty=l1, pca__n_components=10, pca__whiten=True; total time= 1.9min
[CV] END model__C=0.1, model__max_iter=5000, model__penalty=l1, pca__n_components=10, pca__whiten=True; total time= 1.9min
[CV] END model__C=0.1, model__max_iter=5000, model__penalty=l1, pca__n_components=10, pca__whiten=True; total time= 1.9min
[CV] END model__C=0.1, model__max_iter=5000, model__penalty=l1, pca__n_components=10, pca__whiten=True; total time= 1.9min
[CV] END model__C=0.1, model__max_iter=5000, model__penalty=l2, pca__n_components=10, pca__whiten=True; total time= 1.9min
[CV] END model__C=0.1, model__max_iter=5000, model__penalty=l2, pca__n_components=10, pca__whiten=True; total time= 1.9min
[CV] END model__C=0.1, model__max_iter=5000, model__penalty=l2, pca__n_components=10, pca__whiten=True; total time= 1.9min
[CV] END model__C=0.1, model__max_iter=5000, model__penalty=l2, pca__n_components=10, pca__whiten=True; total time= 1.9min
[CV] END model__C=0.1, model__max_iter=5000, model__penalty=l2, pca__n_components=10, pca__whiten=True; total time= 1.9min
[CV] END model__C=10, model__max_iter=5000, model__penalty=l2, pca__n_components=50, pca__whiten=False; total time= 2.4min
[CV] END model__C=10, model__max_iter=5000, model__penalty=l2, pca__n_components=50, pca__whiten=False; total time= 2.4min
[CV] END model__C=10, model__max_iter=5000, model__penalty=l2, pca__n_components=50, pca__whiten=False; total time= 2.4min
[CV] END model__C=10, model__max_iter=5000, model__penalty=l2, pca__n_components=50, pca__whiten=False; total time= 2.4min
[CV] END model__C=10, model__max_iter=5000, model__penalty=l2, pca__n_components=50, pca__whiten=False; total time= 2.4min
[CV] END model__C=1, model__max_iter=10000, model__penalty=l2, pca__n_components=25, pca__whiten=True; total time= 2.1min
[CV] END model__C=1, model__max_iter=10000, model__penalty=l2, pca__n_components=25, pca__whiten=True; total time= 2.1min
[CV] END model__C=1, model__max_iter=10000, model__penalty=l2, pca__n_components=25, pca__whiten=True; total time= 2.1min
[CV] END model__C=1, model__max_iter=10000, model__penalty=l2, pca__n_components=25, pca__whiten=True; total time= 2.1min
[CV] END model__C=1, model__max_iter=10000, model__penalty=l2, pca__n_components=25, pca__whiten=True; total time= 2.1min
[CV] END model__C=1, model__max_iter=10000, model__penalty=l1, pca__n_components=25, pca__whiten=True; total time= 2.1min
[CV] END model__C=1, model__max_iter=10000, model__penalty=l1, pca__n_components=25, pca__whiten=True; total time= 2.1min
[CV] END model__C=1, model__max_iter=10000, model__penalty=l1, pca__n_components=25, pca__whiten=True; total time= 2.1min
[CV] END model__C=1, model__max_iter=10000, model__penalty=l1, pca__n_components=25, pca__whiten=True; total time= 2.1min
[CV] END model__C=1, model__max_iter=10000, model__penalty=l1, pca__n_components=25, pca__whiten=True; total time= 2.1min
[CV] END model__C=0.1, model__max_iter=1000, model__penalty=l2, pca__n_components=50, pca__whiten=True; total time= 2.3min
[CV] END model__C=0.1, model__max_iter=1000, model__penalty=l2, pca__n_components=50, pca__whiten=True; total time= 2.3min
[CV] END model__C=0.1, model__max_iter=1000, model__penalty=l2, pca__n_components=50, pca__whiten=True; total time= 2.3min
[CV] END model__C=0.1, model__max_iter=1000, model__penalty=l2, pca__n_components=50, pca__whiten=True; total time= 2.3min
[CV] END model__C=0.1, model__max_iter=1000, model__penalty=l2, pca__n_components=50, pca__whiten=True; total time= 2.3min
{'pca__whiten': True, 'pca__n_components': 25, 'model__penalty': 'l2', 'model__max_iter': 10000, 'model__C': 10} -> Train Acc: 0.4761, Val Acc: 0.4680
{'pca__whiten': False, 'pca__n_components': 10, 'model__penalty': None, 'model__max_iter': 1000, 'model__C': 10} -> Train Acc: 0.4295, Val Acc: 0.4380
{'pca__whiten': False, 'pca__n_components': 50, 'model__penalty': None, 'model__max_iter': 5000, 'model__C': 10} -> Train Acc: 0.5097, Val Acc: 0.4785
{'pca__whiten': False, 'pca__n_components': 10, 'model__penalty': None, 'model__max_iter': 1000, 'model__C': 1} -> Train Acc: 0.4296, Val Acc: 0.4377
{'pca__whiten': True, 'pca__n_components': 50, 'model__penalty': None, 'model__max_iter': 10000, 'model__C': 1} -> Train Acc: 0.5091, Val Acc: 0.4827
{'pca__whiten': False, 'pca__n_components': 50, 'model__penalty': 'l1', 'model__max_iter': 5000, 'model__C': 0.1} -> Train Acc: 0.5076, Val Acc: 0.4780
{'pca__whiten': False, 'pca__n_components': 50, 'model__penalty': 'l1', 'model__max_iter': 10000, 'model__C': 1} -> Train Acc: 0.5090, Val Acc: 0.4822
{'pca__whiten': False, 'pca__n_components': 25, 'model__penalty': 'l2', 'model__max_iter': 10000, 'model__C': 0.1} -> Train Acc: 0.4766, Val Acc: 0.4730
{'pca__whiten': True, 'pca__n_components': 50, 'model__penalty': 'l1', 'model__max_iter': 10000, 'model__C': 1} -> Train Acc: 0.5070, Val Acc: 0.4802
{'pca__whiten': True, 'pca__n_components': 10, 'model__penalty': None, 'model__max_iter': 10000, 'model__C': 10} -> Train Acc: 0.4292, Val Acc: 0.4407
{'pca__whiten': False, 'pca__n_components': 10, 'model__penalty': None, 'model__max_iter': 5000, 'model__C': 0.1} -> Train Acc: 0.4297, Val Acc: 0.4382
{'pca__whiten': True, 'pca__n_components': 10, 'model__penalty': 'l2', 'model__max_iter': 5000, 'model__C': 1} -> Train Acc: 0.4291, Val Acc: 0.4405
{'pca__whiten': False, 'pca__n_components': 25, 'model__penalty': 'l2', 'model__max_iter': 1000, 'model__C': 0.1} -> Train Acc: 0.4769, Val Acc: 0.4684
{'pca__whiten': True, 'pca__n_components': 10, 'model__penalty': 'l2', 'model__max_iter': 1000, 'model__C': 1} -> Train Acc: 0.4292, Val Acc: 0.4405
{'pca__whiten': True, 'pca__n_components': 10, 'model__penalty': 'l1', 'model__max_iter': 5000, 'model__C': 0.1} -> Train Acc: 0.4268, Val Acc: 0.4356
{'pca__whiten': True, 'pca__n_components': 10, 'model__penalty': 'l2', 'model__max_iter': 5000, 'model__C': 0.1} -> Train Acc: 0.4287, Val Acc: 0.4385
{'pca__whiten': False, 'pca__n_components': 50, 'model__penalty': 'l2', 'model__max_iter': 5000, 'model__C': 10} -> Train Acc: 0.5088, Val Acc: 0.4830
{'pca__whiten': True, 'pca__n_components': 25, 'model__penalty': 'l2', 'model__max_iter': 10000, 'model__C': 1} -> Train Acc: 0.4769, Val Acc: 0.4675
{'pca__whiten': True, 'pca__n_components': 25, 'model__penalty': 'l1', 'model__max_iter': 10000, 'model__C': 1} -> Train Acc: 0.4750, Val Acc: 0.4664
{'pca__whiten': True, 'pca__n_components': 50, 'model__penalty': 'l2', 'model__max_iter': 1000, 'model__C': 0.1} -> Train Acc: 0.5075, Val Acc: 0.4786
Best params: {'pca__whiten': False, 'pca__n_components': 50, 'model__penalty': 'l2', 'model__max_iter': 5000, 'model__C': 10}
Validation accuracy: 0.4830169579153546
Test accuracy: 0.4124854173953499
