/mnt/projects/rewardMap/STUDIES/reward_signature/.venv/lib64/python3.9/site-packages/sklearn/metrics/_classification.py:2524: UserWarning: y_pred contains classes not in y_true
  warnings.warn("y_pred contains classes not in y_true")
/mnt/projects/rewardMap/STUDIES/reward_signature/.venv/lib64/python3.9/site-packages/sklearn/metrics/_classification.py:2524: UserWarning: y_pred contains classes not in y_true
  warnings.warn("y_pred contains classes not in y_true")
Train model on ['hcp', 'mid', 'risksensitive', 'twostep']
Test model on ['gonogo']
number of subs: 15
Baseline accuracies of train: [-1.  0.  1.] - [0.08 0.39 0.53]
Baseline accuracies of test: [-1.  0.  1.] - [0.18 0.49 0.32]
{'memory': None, 'steps': [('scaler', StandardScaler()), ('pca', PCA(n_components=25)), ('model', LogisticRegression(max_iter=10000, penalty='l1', random_state=0, solver='saga'))], 'transform_input': None, 'verbose': False, 'scaler': StandardScaler(), 'pca': PCA(n_components=25), 'model': LogisticRegression(max_iter=10000, penalty='l1', random_state=0, solver='saga'), 'scaler__copy': True, 'scaler__with_mean': True, 'scaler__with_std': True, 'pca__copy': True, 'pca__iterated_power': 'auto', 'pca__n_components': 25, 'pca__n_oversamples': 10, 'pca__power_iteration_normalizer': 'auto', 'pca__random_state': None, 'pca__svd_solver': 'auto', 'pca__tol': 0.0, 'pca__whiten': False, 'model__C': 1.0, 'model__class_weight': None, 'model__dual': False, 'model__fit_intercept': True, 'model__intercept_scaling': 1, 'model__l1_ratio': None, 'model__max_iter': 10000, 'model__multi_class': 'deprecated', 'model__n_jobs': None, 'model__penalty': 'l1', 'model__random_state': 0, 'model__solver': 'saga', 'model__tol': 0.0001, 'model__verbose': 0, 'model__warm_start': False}
Fold 1/5 - Training Accuracy: 0.4903
Fold 1/5 - Validation Accuracy: 0.4344
Fold 2/5 - Training Accuracy: 0.4871
Fold 2/5 - Validation Accuracy: 0.4884
Fold 3/5 - Training Accuracy: 0.4842
Fold 3/5 - Validation Accuracy: 0.4754
Fold 4/5 - Training Accuracy: 0.4794
Fold 4/5 - Validation Accuracy: 0.4777
Fold 5/5 - Training Accuracy: 0.4787
Fold 5/5 - Validation Accuracy: 0.4811

Mean training accuracy: 0.4840

Mean validation accuracy: 0.4714
Test Accuracy: 0.3796



Train model on ['gonogo', 'mid', 'risksensitive', 'twostep']
Test model on ['hcp']
number of subs: 15
Baseline accuracies of train: [-1.  0.  1.] - [0.08 0.44 0.48]
Baseline accuracies of test: [-1.  0.  1.] - [0.44 0.12 0.44]
{'memory': None, 'steps': [('scaler', StandardScaler()), ('pca', PCA(n_components=25)), ('model', LogisticRegression(max_iter=10000, penalty='l1', random_state=0, solver='saga'))], 'transform_input': None, 'verbose': False, 'scaler': StandardScaler(), 'pca': PCA(n_components=25), 'model': LogisticRegression(max_iter=10000, penalty='l1', random_state=0, solver='saga'), 'scaler__copy': True, 'scaler__with_mean': True, 'scaler__with_std': True, 'pca__copy': True, 'pca__iterated_power': 'auto', 'pca__n_components': 25, 'pca__n_oversamples': 10, 'pca__power_iteration_normalizer': 'auto', 'pca__random_state': None, 'pca__svd_solver': 'auto', 'pca__tol': 0.0, 'pca__whiten': False, 'model__C': 1.0, 'model__class_weight': None, 'model__dual': False, 'model__fit_intercept': True, 'model__intercept_scaling': 1, 'model__l1_ratio': None, 'model__max_iter': 10000, 'model__multi_class': 'deprecated', 'model__n_jobs': None, 'model__penalty': 'l1', 'model__random_state': 0, 'model__solver': 'saga', 'model__tol': 0.0001, 'model__verbose': 0, 'model__warm_start': False}
Fold 1/5 - Training Accuracy: 0.4411
Fold 1/5 - Validation Accuracy: 0.4272
Fold 2/5 - Training Accuracy: 0.4356
Fold 2/5 - Validation Accuracy: 0.4136
Fold 3/5 - Training Accuracy: 0.4285
Fold 3/5 - Validation Accuracy: 0.4284
Fold 4/5 - Training Accuracy: 0.4348
Fold 4/5 - Validation Accuracy: 0.4364
Fold 5/5 - Training Accuracy: 0.4335
Fold 5/5 - Validation Accuracy: 0.4420

Mean training accuracy: 0.4347

Mean validation accuracy: 0.4295
Test Accuracy: 0.3543



Train model on ['gonogo', 'hcp', 'risksensitive', 'twostep']
Test model on ['mid']
number of subs: 15
Baseline accuracies of train: [-1.  0.  1.] - [0.1  0.39 0.51]
Baseline accuracies of test: [-1.  0.  1.] - [0.16 0.59 0.25]
{'memory': None, 'steps': [('scaler', StandardScaler()), ('pca', PCA(n_components=25)), ('model', LogisticRegression(max_iter=10000, penalty='l1', random_state=0, solver='saga'))], 'transform_input': None, 'verbose': False, 'scaler': StandardScaler(), 'pca': PCA(n_components=25), 'model': LogisticRegression(max_iter=10000, penalty='l1', random_state=0, solver='saga'), 'scaler__copy': True, 'scaler__with_mean': True, 'scaler__with_std': True, 'pca__copy': True, 'pca__iterated_power': 'auto', 'pca__n_components': 25, 'pca__n_oversamples': 10, 'pca__power_iteration_normalizer': 'auto', 'pca__random_state': None, 'pca__svd_solver': 'auto', 'pca__tol': 0.0, 'pca__whiten': False, 'model__C': 1.0, 'model__class_weight': None, 'model__dual': False, 'model__fit_intercept': True, 'model__intercept_scaling': 1, 'model__l1_ratio': None, 'model__max_iter': 10000, 'model__multi_class': 'deprecated', 'model__n_jobs': None, 'model__penalty': 'l1', 'model__random_state': 0, 'model__solver': 'saga', 'model__tol': 0.0001, 'model__verbose': 0, 'model__warm_start': False}
Fold 1/5 - Training Accuracy: 0.5017
Fold 1/5 - Validation Accuracy: 0.4720
Fold 2/5 - Training Accuracy: 0.4900
Fold 2/5 - Validation Accuracy: 0.4739
Fold 3/5 - Training Accuracy: 0.4890
Fold 3/5 - Validation Accuracy: 0.5114
Fold 4/5 - Training Accuracy: 0.4926
Fold 4/5 - Validation Accuracy: 0.4706
Fold 5/5 - Training Accuracy: 0.4876
Fold 5/5 - Validation Accuracy: 0.4969

Mean training accuracy: 0.4922

Mean validation accuracy: 0.4850
Test Accuracy: 0.4146



Train model on ['gonogo', 'hcp', 'mid', 'twostep']
Test model on ['risksensitive']
number of subs: 15
Baseline accuracies of train: [-1.  0.  1.] - [0.15 0.45 0.4 ]
Baseline accuracies of test: [0. 1.] - [0.29 0.71]
{'memory': None, 'steps': [('scaler', StandardScaler()), ('pca', PCA(n_components=25)), ('model', LogisticRegression(max_iter=10000, penalty='l1', random_state=0, solver='saga'))], 'transform_input': None, 'verbose': False, 'scaler': StandardScaler(), 'pca': PCA(n_components=25), 'model': LogisticRegression(max_iter=10000, penalty='l1', random_state=0, solver='saga'), 'scaler__copy': True, 'scaler__with_mean': True, 'scaler__with_std': True, 'pca__copy': True, 'pca__iterated_power': 'auto', 'pca__n_components': 25, 'pca__n_oversamples': 10, 'pca__power_iteration_normalizer': 'auto', 'pca__random_state': None, 'pca__svd_solver': 'auto', 'pca__tol': 0.0, 'pca__whiten': False, 'model__C': 1.0, 'model__class_weight': None, 'model__dual': False, 'model__fit_intercept': True, 'model__intercept_scaling': 1, 'model__l1_ratio': None, 'model__max_iter': 10000, 'model__multi_class': 'deprecated', 'model__n_jobs': None, 'model__penalty': 'l1', 'model__random_state': 0, 'model__solver': 'saga', 'model__tol': 0.0001, 'model__verbose': 0, 'model__warm_start': False}
Fold 1/5 - Training Accuracy: 0.4700
Fold 1/5 - Validation Accuracy: 0.4456
Fold 2/5 - Training Accuracy: 0.4634
Fold 2/5 - Validation Accuracy: 0.4649
Fold 3/5 - Training Accuracy: 0.4662
Fold 3/5 - Validation Accuracy: 0.4713
Fold 4/5 - Training Accuracy: 0.4694
Fold 4/5 - Validation Accuracy: 0.4552
Fold 5/5 - Training Accuracy: 0.4689
Fold 5/5 - Validation Accuracy: 0.4407

Mean training accuracy: 0.4676

Mean validation accuracy: 0.4556
Test Accuracy: 0.5878



Train model on ['gonogo', 'hcp', 'mid', 'risksensitive']
Test model on ['twostep']
number of subs: 15
Baseline accuracies of train: [-1.  0.  1.] - [0.15 0.4  0.45]
Baseline accuracies of test: [0. 1.] - [0.46 0.54]
{'memory': None, 'steps': [('scaler', StandardScaler()), ('pca', PCA(n_components=25)), ('model', LogisticRegression(max_iter=10000, penalty='l1', random_state=0, solver='saga'))], 'transform_input': None, 'verbose': False, 'scaler': StandardScaler(), 'pca': PCA(n_components=25), 'model': LogisticRegression(max_iter=10000, penalty='l1', random_state=0, solver='saga'), 'scaler__copy': True, 'scaler__with_mean': True, 'scaler__with_std': True, 'pca__copy': True, 'pca__iterated_power': 'auto', 'pca__n_components': 25, 'pca__n_oversamples': 10, 'pca__power_iteration_normalizer': 'auto', 'pca__random_state': None, 'pca__svd_solver': 'auto', 'pca__tol': 0.0, 'pca__whiten': False, 'model__C': 1.0, 'model__class_weight': None, 'model__dual': False, 'model__fit_intercept': True, 'model__intercept_scaling': 1, 'model__l1_ratio': None, 'model__max_iter': 10000, 'model__multi_class': 'deprecated', 'model__n_jobs': None, 'model__penalty': 'l1', 'model__random_state': 0, 'model__solver': 'saga', 'model__tol': 0.0001, 'model__verbose': 0, 'model__warm_start': False}
Fold 1/5 - Training Accuracy: 0.4973
Fold 1/5 - Validation Accuracy: 0.4695
Fold 2/5 - Training Accuracy: 0.4929
Fold 2/5 - Validation Accuracy: 0.4762
Fold 3/5 - Training Accuracy: 0.4941
Fold 3/5 - Validation Accuracy: 0.5029
Fold 4/5 - Training Accuracy: 0.4999
Fold 4/5 - Validation Accuracy: 0.4855
Fold 5/5 - Training Accuracy: 0.4928
Fold 5/5 - Validation Accuracy: 0.4930

Mean training accuracy: 0.4954

Mean validation accuracy: 0.4854
Test Accuracy: 0.5353



