/mnt/projects/rewardMap/STUDIES/reward_signature/.venv/lib64/python3.9/site-packages/sklearn/metrics/_classification.py:2524: UserWarning: y_pred contains classes not in y_true
  warnings.warn("y_pred contains classes not in y_true")
/mnt/projects/rewardMap/STUDIES/reward_signature/.venv/lib64/python3.9/site-packages/sklearn/metrics/_classification.py:2524: UserWarning: y_pred contains classes not in y_true
  warnings.warn("y_pred contains classes not in y_true")
Train model on ['hcp', 'mid', 'risksensitive', 'twostep']
Test model on ['gonogo']
number of subs: 15
Baseline accuracies of train: [-1.  0.  1.] - [0.08 0.39 0.53]
Baseline accuracies of test: [-1.  0.  1.] - [0.18 0.49 0.32]
{'memory': None, 'steps': [('scaler', StandardScaler()), ('pca', PCA(n_components=25)), ('model', LogisticRegression(max_iter=10000, penalty='l1', random_state=0, solver='saga'))], 'transform_input': None, 'verbose': False, 'scaler': StandardScaler(), 'pca': PCA(n_components=25), 'model': LogisticRegression(max_iter=10000, penalty='l1', random_state=0, solver='saga'), 'scaler__copy': True, 'scaler__with_mean': True, 'scaler__with_std': True, 'pca__copy': True, 'pca__iterated_power': 'auto', 'pca__n_components': 25, 'pca__n_oversamples': 10, 'pca__power_iteration_normalizer': 'auto', 'pca__random_state': None, 'pca__svd_solver': 'auto', 'pca__tol': 0.0, 'pca__whiten': False, 'model__C': 1.0, 'model__class_weight': None, 'model__dual': False, 'model__fit_intercept': True, 'model__intercept_scaling': 1, 'model__l1_ratio': None, 'model__max_iter': 10000, 'model__multi_class': 'deprecated', 'model__n_jobs': None, 'model__penalty': 'l1', 'model__random_state': 0, 'model__solver': 'saga', 'model__tol': 0.0001, 'model__verbose': 0, 'model__warm_start': False}
Fold 1/5 - Training Accuracy: 0.4897
Fold 1/5 - Validation Accuracy: 0.4550
Fold 2/5 - Training Accuracy: 0.4845
Fold 2/5 - Validation Accuracy: 0.5124
Fold 3/5 - Training Accuracy: 0.4818
Fold 3/5 - Validation Accuracy: 0.4666
Fold 4/5 - Training Accuracy: 0.4774
Fold 4/5 - Validation Accuracy: 0.4664
Fold 5/5 - Training Accuracy: 0.4800
Fold 5/5 - Validation Accuracy: 0.4739

Mean training accuracy: 0.4827

Mean validation accuracy: 0.4749
Test Accuracy: 0.3792



Train model on ['gonogo', 'mid', 'risksensitive', 'twostep']
Test model on ['hcp']
number of subs: 15
Baseline accuracies of train: [-1.  0.  1.] - [0.08 0.44 0.48]
Baseline accuracies of test: [-1.  0.  1.] - [0.44 0.12 0.44]
{'memory': None, 'steps': [('scaler', StandardScaler()), ('pca', PCA(n_components=25)), ('model', LogisticRegression(max_iter=10000, penalty='l1', random_state=0, solver='saga'))], 'transform_input': None, 'verbose': False, 'scaler': StandardScaler(), 'pca': PCA(n_components=25), 'model': LogisticRegression(max_iter=10000, penalty='l1', random_state=0, solver='saga'), 'scaler__copy': True, 'scaler__with_mean': True, 'scaler__with_std': True, 'pca__copy': True, 'pca__iterated_power': 'auto', 'pca__n_components': 25, 'pca__n_oversamples': 10, 'pca__power_iteration_normalizer': 'auto', 'pca__random_state': None, 'pca__svd_solver': 'auto', 'pca__tol': 0.0, 'pca__whiten': False, 'model__C': 1.0, 'model__class_weight': None, 'model__dual': False, 'model__fit_intercept': True, 'model__intercept_scaling': 1, 'model__l1_ratio': None, 'model__max_iter': 10000, 'model__multi_class': 'deprecated', 'model__n_jobs': None, 'model__penalty': 'l1', 'model__random_state': 0, 'model__solver': 'saga', 'model__tol': 0.0001, 'model__verbose': 0, 'model__warm_start': False}
Fold 1/5 - Training Accuracy: 0.4411
Fold 1/5 - Validation Accuracy: 0.4275
Fold 2/5 - Training Accuracy: 0.4410
Fold 2/5 - Validation Accuracy: 0.4236
Fold 3/5 - Training Accuracy: 0.4297
Fold 3/5 - Validation Accuracy: 0.4373
Fold 4/5 - Training Accuracy: 0.4386
Fold 4/5 - Validation Accuracy: 0.4038
Fold 5/5 - Training Accuracy: 0.4355
Fold 5/5 - Validation Accuracy: 0.4364

Mean training accuracy: 0.4372

Mean validation accuracy: 0.4257
Test Accuracy: 0.3550



Train model on ['gonogo', 'hcp', 'risksensitive', 'twostep']
Test model on ['mid']
number of subs: 15
Baseline accuracies of train: [-1.  0.  1.] - [0.1  0.39 0.51]
Baseline accuracies of test: [-1.  0.  1.] - [0.16 0.59 0.25]
{'memory': None, 'steps': [('scaler', StandardScaler()), ('pca', PCA(n_components=25)), ('model', LogisticRegression(max_iter=10000, penalty='l1', random_state=0, solver='saga'))], 'transform_input': None, 'verbose': False, 'scaler': StandardScaler(), 'pca': PCA(n_components=25), 'model': LogisticRegression(max_iter=10000, penalty='l1', random_state=0, solver='saga'), 'scaler__copy': True, 'scaler__with_mean': True, 'scaler__with_std': True, 'pca__copy': True, 'pca__iterated_power': 'auto', 'pca__n_components': 25, 'pca__n_oversamples': 10, 'pca__power_iteration_normalizer': 'auto', 'pca__random_state': None, 'pca__svd_solver': 'auto', 'pca__tol': 0.0, 'pca__whiten': False, 'model__C': 1.0, 'model__class_weight': None, 'model__dual': False, 'model__fit_intercept': True, 'model__intercept_scaling': 1, 'model__l1_ratio': None, 'model__max_iter': 10000, 'model__multi_class': 'deprecated', 'model__n_jobs': None, 'model__penalty': 'l1', 'model__random_state': 0, 'model__solver': 'saga', 'model__tol': 0.0001, 'model__verbose': 0, 'model__warm_start': False}
Fold 1/5 - Training Accuracy: 0.4892
Fold 1/5 - Validation Accuracy: 0.4934
Fold 2/5 - Training Accuracy: 0.4916
Fold 2/5 - Validation Accuracy: 0.4760
Fold 3/5 - Training Accuracy: 0.4950
Fold 3/5 - Validation Accuracy: 0.4732
Fold 4/5 - Training Accuracy: 0.4949
Fold 4/5 - Validation Accuracy: 0.4831
Fold 5/5 - Training Accuracy: 0.4908
Fold 5/5 - Validation Accuracy: 0.4918

Mean training accuracy: 0.4923

Mean validation accuracy: 0.4835
Test Accuracy: 0.4107



Train model on ['gonogo', 'hcp', 'mid', 'twostep']
Test model on ['risksensitive']
number of subs: 15
Baseline accuracies of train: [-1.  0.  1.] - [0.15 0.45 0.4 ]
Baseline accuracies of test: [0. 1.] - [0.29 0.71]
{'memory': None, 'steps': [('scaler', StandardScaler()), ('pca', PCA(n_components=25)), ('model', LogisticRegression(max_iter=10000, penalty='l1', random_state=0, solver='saga'))], 'transform_input': None, 'verbose': False, 'scaler': StandardScaler(), 'pca': PCA(n_components=25), 'model': LogisticRegression(max_iter=10000, penalty='l1', random_state=0, solver='saga'), 'scaler__copy': True, 'scaler__with_mean': True, 'scaler__with_std': True, 'pca__copy': True, 'pca__iterated_power': 'auto', 'pca__n_components': 25, 'pca__n_oversamples': 10, 'pca__power_iteration_normalizer': 'auto', 'pca__random_state': None, 'pca__svd_solver': 'auto', 'pca__tol': 0.0, 'pca__whiten': False, 'model__C': 1.0, 'model__class_weight': None, 'model__dual': False, 'model__fit_intercept': True, 'model__intercept_scaling': 1, 'model__l1_ratio': None, 'model__max_iter': 10000, 'model__multi_class': 'deprecated', 'model__n_jobs': None, 'model__penalty': 'l1', 'model__random_state': 0, 'model__solver': 'saga', 'model__tol': 0.0001, 'model__verbose': 0, 'model__warm_start': False}
Fold 1/5 - Training Accuracy: 0.4634
Fold 1/5 - Validation Accuracy: 0.4698
Fold 2/5 - Training Accuracy: 0.4606
Fold 2/5 - Validation Accuracy: 0.4614
Fold 3/5 - Training Accuracy: 0.4719
Fold 3/5 - Validation Accuracy: 0.4485
Fold 4/5 - Training Accuracy: 0.4715
Fold 4/5 - Validation Accuracy: 0.4557
Fold 5/5 - Training Accuracy: 0.4671
Fold 5/5 - Validation Accuracy: 0.4522

Mean training accuracy: 0.4669

Mean validation accuracy: 0.4575
Test Accuracy: 0.5815



Train model on ['gonogo', 'hcp', 'mid', 'risksensitive']
Test model on ['twostep']
number of subs: 15
Baseline accuracies of train: [-1.  0.  1.] - [0.15 0.4  0.45]
Baseline accuracies of test: [0. 1.] - [0.46 0.54]
{'memory': None, 'steps': [('scaler', StandardScaler()), ('pca', PCA(n_components=25)), ('model', LogisticRegression(max_iter=10000, penalty='l1', random_state=0, solver='saga'))], 'transform_input': None, 'verbose': False, 'scaler': StandardScaler(), 'pca': PCA(n_components=25), 'model': LogisticRegression(max_iter=10000, penalty='l1', random_state=0, solver='saga'), 'scaler__copy': True, 'scaler__with_mean': True, 'scaler__with_std': True, 'pca__copy': True, 'pca__iterated_power': 'auto', 'pca__n_components': 25, 'pca__n_oversamples': 10, 'pca__power_iteration_normalizer': 'auto', 'pca__random_state': None, 'pca__svd_solver': 'auto', 'pca__tol': 0.0, 'pca__whiten': False, 'model__C': 1.0, 'model__class_weight': None, 'model__dual': False, 'model__fit_intercept': True, 'model__intercept_scaling': 1, 'model__l1_ratio': None, 'model__max_iter': 10000, 'model__multi_class': 'deprecated', 'model__n_jobs': None, 'model__penalty': 'l1', 'model__random_state': 0, 'model__solver': 'saga', 'model__tol': 0.0001, 'model__verbose': 0, 'model__warm_start': False}
Fold 1/5 - Training Accuracy: 0.4903
Fold 1/5 - Validation Accuracy: 0.4923
Fold 2/5 - Training Accuracy: 0.4948
Fold 2/5 - Validation Accuracy: 0.4828
Fold 3/5 - Training Accuracy: 0.4964
Fold 3/5 - Validation Accuracy: 0.4855
Fold 4/5 - Training Accuracy: 0.5054
Fold 4/5 - Validation Accuracy: 0.5000
Fold 5/5 - Training Accuracy: 0.4962
Fold 5/5 - Validation Accuracy: 0.4729

Mean training accuracy: 0.4966

Mean validation accuracy: 0.4867
Test Accuracy: 0.5460



