/mnt/projects/rewardMap/STUDIES/reward_signature/.venv/lib64/python3.9/site-packages/sklearn/metrics/_classification.py:2524: UserWarning: y_pred contains classes not in y_true
  warnings.warn("y_pred contains classes not in y_true")
/mnt/projects/rewardMap/STUDIES/reward_signature/.venv/lib64/python3.9/site-packages/sklearn/metrics/_classification.py:2524: UserWarning: y_pred contains classes not in y_true
  warnings.warn("y_pred contains classes not in y_true")
Train model on ['hcp', 'mid', 'risksensitive', 'twostep']
Test model on ['gonogo']
number of subs: 15
Baseline accuracies of train: [-1.  0.  1.] - [0.08 0.39 0.53]
Baseline accuracies of test: [-1.  0.  1.] - [0.18 0.49 0.32]
{'memory': None, 'steps': [('pca', PCA(n_components=25)), ('model', LogisticRegression(max_iter=10000, penalty='l1', random_state=0, solver='saga'))], 'transform_input': None, 'verbose': False, 'pca': PCA(n_components=25), 'model': LogisticRegression(max_iter=10000, penalty='l1', random_state=0, solver='saga'), 'pca__copy': True, 'pca__iterated_power': 'auto', 'pca__n_components': 25, 'pca__n_oversamples': 10, 'pca__power_iteration_normalizer': 'auto', 'pca__random_state': None, 'pca__svd_solver': 'auto', 'pca__tol': 0.0, 'pca__whiten': False, 'model__C': 1.0, 'model__class_weight': None, 'model__dual': False, 'model__fit_intercept': True, 'model__intercept_scaling': 1, 'model__l1_ratio': None, 'model__max_iter': 10000, 'model__multi_class': 'deprecated', 'model__n_jobs': None, 'model__penalty': 'l1', 'model__random_state': 0, 'model__solver': 'saga', 'model__tol': 0.0001, 'model__verbose': 0, 'model__warm_start': False}
Fold 1/5 - Training Accuracy: 0.4978
Fold 1/5 - Validation Accuracy: 0.4621
Fold 2/5 - Training Accuracy: 0.4970
Fold 2/5 - Validation Accuracy: 0.5185
Fold 3/5 - Training Accuracy: 0.4898
Fold 3/5 - Validation Accuracy: 0.4763
Fold 4/5 - Training Accuracy: 0.4847
Fold 4/5 - Validation Accuracy: 0.4811
Fold 5/5 - Training Accuracy: 0.4904
Fold 5/5 - Validation Accuracy: 0.4879

Mean training accuracy: 0.4919

Mean validation accuracy: 0.4852
Test Accuracy: 0.3818



Train model on ['gonogo', 'mid', 'risksensitive', 'twostep']
Test model on ['hcp']
number of subs: 15
Baseline accuracies of train: [-1.  0.  1.] - [0.08 0.44 0.48]
Baseline accuracies of test: [-1.  0.  1.] - [0.44 0.12 0.44]
{'memory': None, 'steps': [('pca', PCA(n_components=25)), ('model', LogisticRegression(max_iter=10000, penalty='l1', random_state=0, solver='saga'))], 'transform_input': None, 'verbose': False, 'pca': PCA(n_components=25), 'model': LogisticRegression(max_iter=10000, penalty='l1', random_state=0, solver='saga'), 'pca__copy': True, 'pca__iterated_power': 'auto', 'pca__n_components': 25, 'pca__n_oversamples': 10, 'pca__power_iteration_normalizer': 'auto', 'pca__random_state': None, 'pca__svd_solver': 'auto', 'pca__tol': 0.0, 'pca__whiten': False, 'model__C': 1.0, 'model__class_weight': None, 'model__dual': False, 'model__fit_intercept': True, 'model__intercept_scaling': 1, 'model__l1_ratio': None, 'model__max_iter': 10000, 'model__multi_class': 'deprecated', 'model__n_jobs': None, 'model__penalty': 'l1', 'model__random_state': 0, 'model__solver': 'saga', 'model__tol': 0.0001, 'model__verbose': 0, 'model__warm_start': False}
Fold 1/5 - Training Accuracy: 0.4409
Fold 1/5 - Validation Accuracy: 0.4314
Fold 2/5 - Training Accuracy: 0.4366
Fold 2/5 - Validation Accuracy: 0.4347
Fold 3/5 - Training Accuracy: 0.4361
Fold 3/5 - Validation Accuracy: 0.4445
Fold 4/5 - Training Accuracy: 0.4441
Fold 4/5 - Validation Accuracy: 0.4103
Fold 5/5 - Training Accuracy: 0.4388
Fold 5/5 - Validation Accuracy: 0.4356

Mean training accuracy: 0.4393

Mean validation accuracy: 0.4313
Test Accuracy: 0.3670



Train model on ['gonogo', 'hcp', 'risksensitive', 'twostep']
Test model on ['mid']
number of subs: 15
Baseline accuracies of train: [-1.  0.  1.] - [0.1  0.39 0.51]
Baseline accuracies of test: [-1.  0.  1.] - [0.16 0.59 0.25]
{'memory': None, 'steps': [('pca', PCA(n_components=25)), ('model', LogisticRegression(max_iter=10000, penalty='l1', random_state=0, solver='saga'))], 'transform_input': None, 'verbose': False, 'pca': PCA(n_components=25), 'model': LogisticRegression(max_iter=10000, penalty='l1', random_state=0, solver='saga'), 'pca__copy': True, 'pca__iterated_power': 'auto', 'pca__n_components': 25, 'pca__n_oversamples': 10, 'pca__power_iteration_normalizer': 'auto', 'pca__random_state': None, 'pca__svd_solver': 'auto', 'pca__tol': 0.0, 'pca__whiten': False, 'model__C': 1.0, 'model__class_weight': None, 'model__dual': False, 'model__fit_intercept': True, 'model__intercept_scaling': 1, 'model__l1_ratio': None, 'model__max_iter': 10000, 'model__multi_class': 'deprecated', 'model__n_jobs': None, 'model__penalty': 'l1', 'model__random_state': 0, 'model__solver': 'saga', 'model__tol': 0.0001, 'model__verbose': 0, 'model__warm_start': False}
Fold 1/5 - Training Accuracy: 0.4906
Fold 1/5 - Validation Accuracy: 0.4974
Fold 2/5 - Training Accuracy: 0.4947
Fold 2/5 - Validation Accuracy: 0.4739
Fold 3/5 - Training Accuracy: 0.4924
Fold 3/5 - Validation Accuracy: 0.4750
Fold 4/5 - Training Accuracy: 0.4965
Fold 4/5 - Validation Accuracy: 0.4871
Fold 5/5 - Training Accuracy: 0.4903
Fold 5/5 - Validation Accuracy: 0.4905

Mean training accuracy: 0.4929

Mean validation accuracy: 0.4848
Test Accuracy: 0.4069



Train model on ['gonogo', 'hcp', 'mid', 'twostep']
Test model on ['risksensitive']
number of subs: 15
Baseline accuracies of train: [-1.  0.  1.] - [0.15 0.45 0.4 ]
Baseline accuracies of test: [0. 1.] - [0.29 0.71]
{'memory': None, 'steps': [('pca', PCA(n_components=25)), ('model', LogisticRegression(max_iter=10000, penalty='l1', random_state=0, solver='saga'))], 'transform_input': None, 'verbose': False, 'pca': PCA(n_components=25), 'model': LogisticRegression(max_iter=10000, penalty='l1', random_state=0, solver='saga'), 'pca__copy': True, 'pca__iterated_power': 'auto', 'pca__n_components': 25, 'pca__n_oversamples': 10, 'pca__power_iteration_normalizer': 'auto', 'pca__random_state': None, 'pca__svd_solver': 'auto', 'pca__tol': 0.0, 'pca__whiten': False, 'model__C': 1.0, 'model__class_weight': None, 'model__dual': False, 'model__fit_intercept': True, 'model__intercept_scaling': 1, 'model__l1_ratio': None, 'model__max_iter': 10000, 'model__multi_class': 'deprecated', 'model__n_jobs': None, 'model__penalty': 'l1', 'model__random_state': 0, 'model__solver': 'saga', 'model__tol': 0.0001, 'model__verbose': 0, 'model__warm_start': False}
Fold 1/5 - Training Accuracy: 0.4674
Fold 1/5 - Validation Accuracy: 0.4754
Fold 2/5 - Training Accuracy: 0.4698
Fold 2/5 - Validation Accuracy: 0.4577
Fold 3/5 - Training Accuracy: 0.4740
Fold 3/5 - Validation Accuracy: 0.4507
Fold 4/5 - Training Accuracy: 0.4721
Fold 4/5 - Validation Accuracy: 0.4618
Fold 5/5 - Training Accuracy: 0.4776
Fold 5/5 - Validation Accuracy: 0.4479

Mean training accuracy: 0.4722

Mean validation accuracy: 0.4587
Test Accuracy: 0.5810



Train model on ['gonogo', 'hcp', 'mid', 'risksensitive']
Test model on ['twostep']
number of subs: 15
Baseline accuracies of train: [-1.  0.  1.] - [0.15 0.4  0.45]
Baseline accuracies of test: [0. 1.] - [0.46 0.54]
{'memory': None, 'steps': [('pca', PCA(n_components=25)), ('model', LogisticRegression(max_iter=10000, penalty='l1', random_state=0, solver='saga'))], 'transform_input': None, 'verbose': False, 'pca': PCA(n_components=25), 'model': LogisticRegression(max_iter=10000, penalty='l1', random_state=0, solver='saga'), 'pca__copy': True, 'pca__iterated_power': 'auto', 'pca__n_components': 25, 'pca__n_oversamples': 10, 'pca__power_iteration_normalizer': 'auto', 'pca__random_state': None, 'pca__svd_solver': 'auto', 'pca__tol': 0.0, 'pca__whiten': False, 'model__C': 1.0, 'model__class_weight': None, 'model__dual': False, 'model__fit_intercept': True, 'model__intercept_scaling': 1, 'model__l1_ratio': None, 'model__max_iter': 10000, 'model__multi_class': 'deprecated', 'model__n_jobs': None, 'model__penalty': 'l1', 'model__random_state': 0, 'model__solver': 'saga', 'model__tol': 0.0001, 'model__verbose': 0, 'model__warm_start': False}
Fold 1/5 - Training Accuracy: 0.5005
Fold 1/5 - Validation Accuracy: 0.5055
Fold 2/5 - Training Accuracy: 0.5028
Fold 2/5 - Validation Accuracy: 0.4817
Fold 3/5 - Training Accuracy: 0.5037
Fold 3/5 - Validation Accuracy: 0.4857
Fold 4/5 - Training Accuracy: 0.5066
Fold 4/5 - Validation Accuracy: 0.5136
Fold 5/5 - Training Accuracy: 0.5048
Fold 5/5 - Validation Accuracy: 0.4923

Mean training accuracy: 0.5037

Mean validation accuracy: 0.4958
Test Accuracy: 0.5497



